Component: Arm Compiler for Embedded 6.21 Tool: armlink [5ec1fa00]

==============================================================================

Section Cross References

    system_cw32f003.o(.text.SystemCoreClockUpdate) refers to system_cw32f003.o(.data.SystemCoreClock) for SystemCoreClock
    system_cw32f003.o(.ARM.exidx.text.SystemCoreClockUpdate) refers to system_cw32f003.o(.text.SystemCoreClockUpdate) for [Anonymous Symbol]
    system_cw32f003.o(.text.SystemInit) refers to system_cw32f003.o(.data.SystemCoreClock) for SystemCoreClock
    system_cw32f003.o(.ARM.exidx.text.SystemInit) refers to system_cw32f003.o(.text.SystemInit) for [Anonymous Symbol]
    system_cw32f003.o(.ARM.exidx.text.FirmwareDelay) refers to system_cw32f003.o(.text.FirmwareDelay) for [Anonymous Symbol]
    system_cw32f003.o(.text.MemClr) refers to memseta.o(.text) for __aeabi_memclr
    system_cw32f003.o(.ARM.exidx.text.MemClr) refers to system_cw32f003.o(.text.MemClr) for [Anonymous Symbol]
    startup_cw32f003.o(RESET) refers to startup_cw32f003.o(STACK) for __initial_sp
    startup_cw32f003.o(RESET) refers to startup_cw32f003.o(.text) for Reset_Handler
    startup_cw32f003.o(RESET) refers to interrupts_cw32f003.o(.text.NMI_Handler) for NMI_Handler
    startup_cw32f003.o(RESET) refers to interrupts_cw32f003.o(.text.HardFault_Handler) for HardFault_Handler
    startup_cw32f003.o(RESET) refers to interrupts_cw32f003.o(.text.SVC_Handler) for SVC_Handler
    startup_cw32f003.o(RESET) refers to interrupts_cw32f003.o(.text.PendSV_Handler) for PendSV_Handler
    startup_cw32f003.o(RESET) refers to cw32f003_systick.o(.text.SysTick_Handler) for SysTick_Handler
    startup_cw32f003.o(RESET) refers to interrupts_cw32f003.o(.text.WDT_IRQHandler) for WDT_IRQHandler
    startup_cw32f003.o(RESET) refers to interrupts_cw32f003.o(.text.LVD_IRQHandler) for LVD_IRQHandler
    startup_cw32f003.o(RESET) refers to interrupts_cw32f003.o(.text.FLASHRAM_IRQHandler) for FLASHRAM_IRQHandler
    startup_cw32f003.o(RESET) refers to interrupts_cw32f003.o(.text.SYSCTRL_IRQHandler) for SYSCTRL_IRQHandler
    startup_cw32f003.o(RESET) refers to interrupts_cw32f003.o(.text.GPIOA_IRQHandler) for GPIOA_IRQHandler
    startup_cw32f003.o(RESET) refers to interrupts_cw32f003.o(.text.GPIOB_IRQHandler) for GPIOB_IRQHandler
    startup_cw32f003.o(RESET) refers to interrupts_cw32f003.o(.text.GPIOC_IRQHandler) for GPIOC_IRQHandler
    startup_cw32f003.o(RESET) refers to interrupts_cw32f003.o(.text.ADC_IRQHandler) for ADC_IRQHandler
    startup_cw32f003.o(RESET) refers to interrupts_cw32f003.o(.text.ATIM_IRQHandler) for ATIM_IRQHandler
    startup_cw32f003.o(RESET) refers to interrupts_cw32f003.o(.text.VC1_IRQHandler) for VC1_IRQHandler
    startup_cw32f003.o(RESET) refers to interrupts_cw32f003.o(.text.VC2_IRQHandler) for VC2_IRQHandler
    startup_cw32f003.o(RESET) refers to interrupts_cw32f003.o(.text.GTIM_IRQHandler) for GTIM_IRQHandler
    startup_cw32f003.o(RESET) refers to interrupts_cw32f003.o(.text.BTIM1_IRQHandler) for BTIM1_IRQHandler
    startup_cw32f003.o(RESET) refers to interrupts_cw32f003.o(.text.BTIM2_IRQHandler) for BTIM2_IRQHandler
    startup_cw32f003.o(RESET) refers to interrupts_cw32f003.o(.text.BTIM3_IRQHandler) for BTIM3_IRQHandler
    startup_cw32f003.o(RESET) refers to interrupts_cw32f003.o(.text.I2C_IRQHandler) for I2C_IRQHandler
    startup_cw32f003.o(RESET) refers to interrupts_cw32f003.o(.text.SPI_IRQHandler) for SPI_IRQHandler
    startup_cw32f003.o(RESET) refers to interrupts_cw32f003.o(.text.UART1_IRQHandler) for UART1_IRQHandler
    startup_cw32f003.o(RESET) refers to interrupts_cw32f003.o(.text.UART2_IRQHandler) for UART2_IRQHandler
    startup_cw32f003.o(RESET) refers to interrupts_cw32f003.o(.text.AWT_IRQHandler) for AWT_IRQHandler
    startup_cw32f003.o(.text) refers to system_cw32f003.o(.text.SystemInit) for SystemInit
    startup_cw32f003.o(.text) refers to entry.o(.ARM.Collect$$$$00000000) for __main
    cw32f003_adc.o(.ARM.exidx.text.ADC_GetITStatusAll) refers to cw32f003_adc.o(.text.ADC_GetITStatusAll) for [Anonymous Symbol]
    cw32f003_adc.o(.ARM.exidx.text.ADC_GetITStatus) refers to cw32f003_adc.o(.text.ADC_GetITStatus) for [Anonymous Symbol]
    cw32f003_adc.o(.ARM.exidx.text.ADC_ClearITPendingAll) refers to cw32f003_adc.o(.text.ADC_ClearITPendingAll) for [Anonymous Symbol]
    cw32f003_adc.o(.ARM.exidx.text.ADC_ClearITPendingBit) refers to cw32f003_adc.o(.text.ADC_ClearITPendingBit) for [Anonymous Symbol]
    cw32f003_adc.o(.ARM.exidx.text.ADC_EnableIrq) refers to cw32f003_adc.o(.text.ADC_EnableIrq) for [Anonymous Symbol]
    cw32f003_adc.o(.ARM.exidx.text.ADC_EnableNvic) refers to cw32f003_adc.o(.text.ADC_EnableNvic) for [Anonymous Symbol]
    cw32f003_adc.o(.ARM.exidx.text.ADC_DisableIrq) refers to cw32f003_adc.o(.text.ADC_DisableIrq) for [Anonymous Symbol]
    cw32f003_adc.o(.ARM.exidx.text.ADC_DisableNvic) refers to cw32f003_adc.o(.text.ADC_DisableNvic) for [Anonymous Symbol]
[...]
    app_pid_control.o(.text.App_PID_Control_task) refers to app_pid_control.o(.data..L_MergedGlobals) for [Anonymous Symbol]
    app_pid_control.o(.ARM.exidx.text.App_PID_Control_task) refers to app_pid_control.o(.text.App_PID_Control_task) for [Anonymous Symbol]
    app_data_transfer.o(.text.App_Data_Transfer_init) refers to bluetooth.o(.text.Bluetooth_init) for Bluetooth_init
    app_data_transfer.o(.ARM.exidx.text.App_Data_Transfer_init) refers to app_data_transfer.o(.text.App_Data_Transfer_init) for [Anonymous Symbol]
    app_data_transfer.o(.text.App_Data_Transfer_task) refers to f2d.o(.text) for __aeabi_f2d
    app_data_transfer.o(.text.App_Data_Transfer_task) refers to dmul.o(.text) for __aeabi_dmul
    app_data_transfer.o(.text.App_Data_Transfer_task) refers to printfa.o(i.__0sprintf) for __2sprintf
    app_data_transfer.o(.text.App_Data_Transfer_task) refers to bluetooth.o(.text.Bluetooth_send_string) for Bluetooth_send_string
    app_data_transfer.o(.text.App_Data_Transfer_task) refers to app_adc.o(.bss..L_MergedGlobals) for Vrst
    app_data_transfer.o(.text.App_Data_Transfer_task) refers to app_pid_control.o(.data..L_MergedGlobals) for current_mm
    app_data_transfer.o(.text.App_Data_Transfer_task) refers to app_data_transfer.o(.bss.App_Data_Transfer_task.data) for [Anonymous Symbol]
    app_data_transfer.o(.ARM.exidx.text.App_Data_Transfer_task) refers to app_data_transfer.o(.text.App_Data_Transfer_task) for [Anonymous Symbol]
    app_adc.o(.text.on_btim2_callback) refers to adc_collector.o(.text.ADC_Collector_get) for ADC_Collector_get
    app_adc.o(.text.on_btim2_callback) refers to app_adc.o(.bss.on_btim2_callback.Cnt) for [Anonymous Symbol]
    app_adc.o(.ARM.exidx.text.on_btim2_callback) refers to app_adc.o(.text.on_btim2_callback) for [Anonymous Symbol]
    app_adc.o(.text.Btim2_Init) refers to cw32f003_btim.o(.text.BTIM_TimeBaseInit) for BTIM_TimeBaseInit
    app_adc.o(.text.Btim2_Init) refers to cw32f003_btim.o(.text.BTIM_ITConfig) for BTIM_ITConfig
    app_adc.o(.text.Btim2_Init) refers to cw32f003_btim.o(.text.BTIM_Cmd) for BTIM_Cmd
    app_adc.o(.ARM.exidx.text.Btim2_Init) refers to app_adc.o(.text.Btim2_Init) for [Anonymous Symbol]
    app_adc.o(.text.App_ADC_init) refers to cw32f003_btim.o(.text.BTIM_TimeBaseInit) for BTIM_TimeBaseInit
    app_adc.o(.text.App_ADC_init) refers to cw32f003_btim.o(.text.BTIM_ITConfig) for BTIM_ITConfig
    app_adc.o(.text.App_ADC_init) refers to cw32f003_btim.o(.text.BTIM_Cmd) for BTIM_Cmd
    app_adc.o(.text.App_ADC_init) refers to adc_collector.o(.text.ADC_Collector_init) for ADC_Collector_init
    app_adc.o(.ARM.exidx.text.App_ADC_init) refers to app_adc.o(.text.App_ADC_init) for [Anonymous Symbol]
    app_adc.o(.text.App_ADC_task) refers to adc_collector.o(.text.ADC_Collector_get_voltage) for ADC_Collector_get_voltage
    app_adc.o(.text.App_ADC_task) refers to adc_collector.o(.text.ADC_Collector_get_current) for ADC_Collector_get_current
    app_adc.o(.text.App_ADC_task) refers to app_adc.o(.bss..L_MergedGlobals) for [Anonymous Symbol]
    app_adc.o(.ARM.exidx.text.App_ADC_task) refers to app_adc.o(.text.App_ADC_task) for [Anonymous Symbol]
    cos.o(i.__softfp_cos) refers (Special) to iusefp.o(.text) for __I$use$fp
    cos.o(i.__softfp_cos) refers to cos.o(i.cos) for cos
    cos.o(i.cos) refers (Special) to iusefp.o(.text) for __I$use$fp
    cos.o(i.cos) refers to errno.o(i.__set_errno) for __set_errno
    cos.o(i.cos) refers to dunder.o(i.__mathlib_dbl_invalid) for __mathlib_dbl_invalid
    cos.o(i.cos) refers to dunder.o(i.__mathlib_dbl_infnan) for __mathlib_dbl_infnan
    cos.o(i.cos) refers to rred.o(i.__ieee754_rem_pio2) for __ieee754_rem_pio2
    cos.o(i.cos) refers to sin_i.o(i.__kernel_sin) for __kernel_sin
    cos.o(i.cos) refers to cos_i.o(i.__kernel_cos) for __kernel_cos
    sin.o(i.__softfp_sin) refers (Special) to iusefp.o(.text) for __I$use$fp
    sin.o(i.__softfp_sin) refers to sin.o(i.sin) for sin
    sin.o(i.sin) refers (Special) to iusefp.o(.text) for __I$use$fp
    sin.o(i.sin) refers to errno.o(i.__set_errno) for __set_errno
    sin.o(i.sin) refers to dunder.o(i.__mathlib_dbl_invalid) for __mathlib_dbl_invalid
    sin.o(i.sin) refers to dunder.o(i.__mathlib_dbl_infnan) for __mathlib_dbl_infnan
    sin.o(i.sin) refers to rred.o(i.__ieee754_rem_pio2) for __ieee754_rem_pio2
    sin.o(i.sin) refers to cos_i.o(i.__kernel_cos) for __kernel_cos
    sin.o(i.sin) refers to sin_i.o(i.__kernel_sin) for __kernel_sin
    entry.o(.ARM.Collect$$$$00000000) refers (Special) to entry10a.o(.ARM.Collect$$$$0000000D) for __rt_final_cpp
    entry.o(.ARM.Collect$$$$00000000) refers (Special) to entry11a.o(.ARM.Collect$$$$0000000F) for __rt_final_exit
    entry.o(.ARM.Collect$$$$00000000) refers (Special) to entry7b.o(.ARM.Collect$$$$00000008) for _main_clock
    entry.o(.ARM.Collect$$$$00000000) refers (Special) to entry8b.o(.ARM.Collect$$$$0000000A) for _main_cpp_init
    entry.o(.ARM.Collect$$$$00000000) refers (Special) to entry9a.o(.ARM.Collect$$$$0000000B) for _main_init
    entry.o(.ARM.Collect$$$$00000000) refers (Special) to entry5.o(.ARM.Collect$$$$00000004) for _main_scatterload
    entry.o(.ARM.Collect$$$$00000000) refers (Special) to entry2.o(.ARM.Collect$$$$00000001) for _main_stk
    puts.o(i.puts) refers to uart1.o(.text.fputc) for fputc
    puts.o(i.puts) refers to stdout.o(.data) for __stdout
    puts_e.o(.text) refers to uart1.o(.text.fputc) for fputc
    puts_e.o(.text) refers to stdout.o(.data) for __stdout
    printfb.o(i.__0fprintf$bare) refers to printfb.o(i._printf_core) for _printf_core
    printfb.o(i.__0fprintf$bare) refers to uart1.o(.text.fputc) for fputc
    printfb.o(i.__0printf$bare) refers to printfb.o(i._printf_core) for _printf_core
    printfb.o(i.__0printf$bare) refers to uart1.o(.text.fputc) for fputc
    printfb.o(i.__0printf$bare) refers to stdout.o(.data) for __stdout
    printfb.o(i.__0snprintf$bare) refers to printfb.o(i._printf_core) for _printf_core
    printfb.o(i.__0snprintf$bare) refers to printfb.o(i._snputc) for _snputc
    printfb.o(i.__0sprintf$bare) refers to printfb.o(i._printf_core) for _printf_core
    printfb.o(i.__0sprintf$bare) refers to printfb.o(i._sputc) for _sputc
    printfb.o(i.__0vfprintf$bare) refers to printfb.o(i._printf_core) for _printf_core
    printfb.o(i.__0vfprintf$bare) refers to uart1.o(.text.fputc) for fputc
    printfb.o(i.__0vprintf$bare) refers to printfb.o(i._printf_core) for _printf_core
    printfb.o(i.__0vprintf$bare) refers to uart1.o(.text.fputc) for fputc
    printfb.o(i.__0vprintf$bare) refers to stdout.o(.data) for __stdout
    printfb.o(i.__0vsnprintf$bare) refers to printfb.o(i._printf_core) for _printf_core
    printfb.o(i.__0vsnprintf$bare) refers to printfb.o(i._snputc) for _snputc
    printfb.o(i.__0vsprintf$bare) refers to printfb.o(i._printf_core) for _printf_core
    printfb.o(i.__0vsprintf$bare) refers to printfb.o(i._sputc) for _sputc
    printf0.o(i.__0fprintf$0) refers to printf0.o(i._printf_core) for _printf_core
    printf0.o(i.__0fprintf$0) refers to uart1.o(.text.fputc) for fputc
    printf0.o(i.__0printf$0) refers to printf0.o(i._printf_core) for _printf_core
    printf0.o(i.__0printf$0) refers to uart1.o(.text.fputc) for fputc
    printf0.o(i.__0printf$0) refers to stdout.o(.data) for __stdout
    printf0.o(i.__0snprintf$0) refers to printf0.o(i._printf_core) for _printf_core
    printf0.o(i.__0snprintf$0) refers to printf0.o(i._snputc) for _snputc
    printf0.o(i.__0sprintf$0) refers to printf0.o(i._printf_core) for _printf_core
    printf0.o(i.__0sprintf$0) refers to printf0.o(i._sputc) for _sputc
    printf0.o(i.__0vfprintf$0) refers to printf0.o(i._printf_core) for _printf_core
    printf0.o(i.__0vfprintf$0) refers to uart1.o(.text.fputc) for fputc
    printf0.o(i.__0vprintf$0) refers to printf0.o(i._printf_core) for _printf_core
    printf0.o(i.__0vprintf$0) refers to uart1.o(.text.fputc) for fputc
    printf0.o(i.__0vprintf$0) refers to stdout.o(.data) for __stdout
    printf0.o(i.__0vsnprintf$0) refers to printf0.o(i._printf_core) for _printf_core
    printf0.o(i.__0vsnprintf$0) refers to printf0.o(i._snputc) for _snputc
    printf0.o(i.__0vsprintf$0) refers to printf0.o(i._printf_core) for _printf_core
    printf0.o(i.__0vsprintf$0) refers to printf0.o(i._sputc) for _sputc
    printf1.o(i.__0fprintf$1) refers to printf1.o(i._printf_core) for _printf_core
    printf1.o(i.__0fprintf$1) refers to uart1.o(.text.fputc) for fputc
    printf1.o(i.__0printf$1) refers to printf1.o(i._printf_core) for _printf_core
    printf1.o(i.__0printf$1) refers to uart1.o(.text.fputc) for fputc
    printf1.o(i.__0printf$1) refers to stdout.o(.data) for __stdout
    printf1.o(i.__0snprintf$1) refers to printf1.o(i._printf_core) for _printf_core
    printf1.o(i.__0snprintf$1) refers to printf1.o(i._snputc) for _snputc
    printf1.o(i.__0sprintf$1) refers to printf1.o(i._printf_core) for _printf_core
    printf1.o(i.__0sprintf$1) refers to printf1.o(i._sputc) for _sputc
    printf1.o(i.__0vfprintf$1) refers to printf1.o(i._printf_core) for _printf_core
    printf1.o(i.__0vfprintf$1) refers to uart1.o(.text.fputc) for fputc
    printf1.o(i.__0vprintf$1) refers to printf1.o(i._printf_core) for _printf_core
    printf1.o(i.__0vprintf$1) refers to uart1.o(.text.fputc) for fputc
    printf1.o(i.__0vprintf$1) refers to stdout.o(.data) for __stdout
    printf1.o(i.__0vsnprintf$1) refers to printf1.o(i._printf_core) for _printf_core
    printf1.o(i.__0vsnprintf$1) refers to printf1.o(i._snputc) for _snputc
    printf1.o(i.__0vsprintf$1) refers to printf1.o(i._printf_core) for _printf_core
    printf1.o(i.__0vsprintf$1) refers to printf1.o(i._sputc) for _sputc
    printf1.o(i._printf_core) refers to uidiv_div0.o(.text) for __aeabi_uidivmod
    printf2.o(i.__0fprintf$2) refers to printf2.o(i._printf_core) for _printf_core
    printf2.o(i.__0fprintf$2) refers to uart1.o(.text.fputc) for fputc
    printf2.o(i.__0printf$2) refers to printf2.o(i._printf_core) for _printf_core
    printf2.o(i.__0printf$2) refers to uart1.o(.text.fputc) for fputc
    printf2.o(i.__0printf$2) refers to stdout.o(.data) for __stdout
    printf2.o(i.__0snprintf$2) refers to printf2.o(i._printf_core) for _printf_core
    printf2.o(i.__0snprintf$2) refers to printf2.o(i._snputc) for _snputc
    printf2.o(i.__0sprintf$2) refers to printf2.o(i._printf_core) for _printf_core
    printf2.o(i.__0sprintf$2) refers to printf2.o(i._sputc) for _sputc
    printf2.o(i.__0vfprintf$2) refers to printf2.o(i._printf_core) for _printf_core
    printf2.o(i.__0vfprintf$2) refers to uart1.o(.text.fputc) for fputc
    printf2.o(i.__0vprintf$2) refers to printf2.o(i._printf_core) for _printf_core
    printf2.o(i.__0vprintf$2) refers to uart1.o(.text.fputc) for fputc
    printf2.o(i.__0vprintf$2) refers to stdout.o(.data) for __stdout
    printf2.o(i.__0vsnprintf$2) refers to printf2.o(i._printf_core) for _printf_core
    printf2.o(i.__0vsnprintf$2) refers to printf2.o(i._snputc) for _snputc
    printf2.o(i.__0vsprintf$2) refers to printf2.o(i._printf_core) for _printf_core
    printf2.o(i.__0vsprintf$2) refers to printf2.o(i._sputc) for _sputc
    printf3.o(i.__0fprintf$3) refers to printf3.o(i._printf_core) for _printf_core
    printf3.o(i.__0fprintf$3) refers to uart1.o(.text.fputc) for fputc
    printf3.o(i.__0printf$3) refers to printf3.o(i._printf_core) for _printf_core
    printf3.o(i.__0printf$3) refers to uart1.o(.text.fputc) for fputc
    printf3.o(i.__0printf$3) refers to stdout.o(.data) for __stdout
    printf3.o(i.__0snprintf$3) refers to printf3.o(i._printf_core) for _printf_core
    printf3.o(i.__0snprintf$3) refers to printf3.o(i._snputc) for _snputc
    printf3.o(i.__0sprintf$3) refers to printf3.o(i._printf_core) for _printf_core
    printf3.o(i.__0sprintf$3) refers to printf3.o(i._sputc) for _sputc
    printf3.o(i.__0vfprintf$3) refers to printf3.o(i._printf_core) for _printf_core
    printf3.o(i.__0vfprintf$3) refers to uart1.o(.text.fputc) for fputc
    printf3.o(i.__0vprintf$3) refers to printf3.o(i._printf_core) for _printf_core
    printf3.o(i.__0vprintf$3) refers to uart1.o(.text.fputc) for fputc
    printf3.o(i.__0vprintf$3) refers to stdout.o(.data) for __stdout
    printf3.o(i.__0vsnprintf$3) refers to printf3.o(i._printf_core) for _printf_core
    printf3.o(i.__0vsnprintf$3) refers to printf3.o(i._snputc) for _snputc
    printf3.o(i.__0vsprintf$3) refers to printf3.o(i._printf_core) for _printf_core
    printf3.o(i.__0vsprintf$3) refers to printf3.o(i._sputc) for _sputc
    printf3.o(i._printf_core) refers to uidiv_div0.o(.text) for __aeabi_uidivmod
    printf4.o(i.__0fprintf$4) refers to printf4.o(i._printf_core) for _printf_core
    printf4.o(i.__0fprintf$4) refers to uart1.o(.text.fputc) for fputc
    printf4.o(i.__0printf$4) refers to printf4.o(i._printf_core) for _printf_core
    printf4.o(i.__0printf$4) refers to uart1.o(.text.fputc) for fputc
    printf4.o(i.__0printf$4) refers to stdout.o(.data) for __stdout
    printf4.o(i.__0snprintf$4) refers to printf4.o(i._printf_core) for _printf_core
    printf4.o(i.__0snprintf$4) refers to printf4.o(i._snputc) for _snputc
    printf4.o(i.__0sprintf$4) refers to printf4.o(i._printf_core) for _printf_core
    printf4.o(i.__0sprintf$4) refers to printf4.o(i._sputc) for _sputc
    printf4.o(i.__0vfprintf$4) refers to printf4.o(i._printf_core) for _printf_core
    printf4.o(i.__0vfprintf$4) refers to uart1.o(.text.fputc) for fputc
    printf4.o(i.__0vprintf$4) refers to printf4.o(i._printf_core) for _printf_core
    printf4.o(i.__0vprintf$4) refers to uart1.o(.text.fputc) for fputc
    printf4.o(i.__0vprintf$4) refers to stdout.o(.data) for __stdout
    printf4.o(i.__0vsnprintf$4) refers to printf4.o(i._printf_core) for _printf_core
    printf4.o(i.__0vsnprintf$4) refers to printf4.o(i._snputc) for _snputc
    printf4.o(i.__0vsprintf$4) refers to printf4.o(i._printf_core) for _printf_core
    printf4.o(i.__0vsprintf$4) refers to printf4.o(i._sputc) for _sputc
    printf4.o(i._printf_core) refers to uldiv.o(.text) for __aeabi_uldivmod
    printf5.o(i.__0fprintf$5) refers to printf5.o(i._printf_core) for _printf_core
    printf5.o(i.__0fprintf$5) refers to uart1.o(.text.fputc) for fputc
    printf5.o(i.__0printf$5) refers to printf5.o(i._printf_core) for _printf_core
    printf5.o(i.__0printf$5) refers to uart1.o(.text.fputc) for fputc
    printf5.o(i.__0printf$5) refers to stdout.o(.data) for __stdout
    printf5.o(i.__0snprintf$5) refers to printf5.o(i._printf_core) for _printf_core
    printf5.o(i.__0snprintf$5) refers to printf5.o(i._snputc) for _snputc
    printf5.o(i.__0sprintf$5) refers to printf5.o(i._printf_core) for _printf_core
    printf5.o(i.__0sprintf$5) refers to printf5.o(i._sputc) for _sputc
    printf5.o(i.__0vfprintf$5) refers to printf5.o(i._printf_core) for _printf_core
    printf5.o(i.__0vfprintf$5) refers to uart1.o(.text.fputc) for fputc
    printf5.o(i.__0vprintf$5) refers to printf5.o(i._printf_core) for _printf_core
    printf5.o(i.__0vprintf$5) refers to uart1.o(.text.fputc) for fputc
    printf5.o(i.__0vprintf$5) refers to stdout.o(.data) for __stdout
    printf5.o(i.__0vsnprintf$5) refers to printf5.o(i._printf_core) for _printf_core
    printf5.o(i.__0vsnprintf$5) refers to printf5.o(i._snputc) for _snputc
    printf5.o(i.__0vsprintf$5) refers to printf5.o(i._printf_core) for _printf_core
    printf5.o(i.__0vsprintf$5) refers to printf5.o(i._sputc) for _sputc
    printf5.o(i._printf_core) refers to uldiv.o(.text) for __aeabi_uldivmod
    printf6.o(i.__0fprintf$6) refers to printf6.o(i._printf_core) for _printf_core
    printf6.o(i.__0fprintf$6) refers to uart1.o(.text.fputc) for fputc
    printf6.o(i.__0printf$6) refers to printf6.o(i._printf_core) for _printf_core
    printf6.o(i.__0printf$6) refers to uart1.o(.text.fputc) for fputc
    printf6.o(i.__0printf$6) refers to stdout.o(.data) for __stdout
    printf6.o(i.__0snprintf$6) refers to printf6.o(i._printf_core) for _printf_core
    printf6.o(i.__0snprintf$6) refers to printf6.o(i._snputc) for _snputc
    printf6.o(i.__0sprintf$6) refers to printf6.o(i._printf_core) for _printf_core
    printf6.o(i.__0sprintf$6) refers to printf6.o(i._sputc) for _sputc
    printf6.o(i.__0vfprintf$6) refers to printf6.o(i._printf_core) for _printf_core
    printf6.o(i.__0vfprintf$6) refers to uart1.o(.text.fputc) for fputc
    printf6.o(i.__0vprintf$6) refers to printf6.o(i._printf_core) for _printf_core
    printf6.o(i.__0vprintf$6) refers to uart1.o(.text.fputc) for fputc
    printf6.o(i.__0vprintf$6) refers to stdout.o(.data) for __stdout
    printf6.o(i.__0vsnprintf$6) refers to printf6.o(i._printf_core) for _printf_core
    printf6.o(i.__0vsnprintf$6) refers to printf6.o(i._snputc) for _snputc
    printf6.o(i.__0vsprintf$6) refers to printf6.o(i._printf_core) for _printf_core
    printf6.o(i.__0vsprintf$6) refers to printf6.o(i._sputc) for _sputc
    printf6.o(i._printf_core) refers to printf6.o(i._printf_pre_padding) for _printf_pre_padding
    printf6.o(i._printf_core) refers to printf6.o(i._printf_post_padding) for _printf_post_padding
    printf6.o(i._printf_core) refers to uidiv_div0.o(.text) for __aeabi_uidivmod
    printf7.o(i.__0fprintf$7) refers to printf7.o(i._printf_core) for _printf_core
    printf7.o(i.__0fprintf$7) refers to uart1.o(.text.fputc) for fputc
    printf7.o(i.__0printf$7) refers to printf7.o(i._printf_core) for _printf_core
    printf7.o(i.__0printf$7) refers to uart1.o(.text.fputc) for fputc
    printf7.o(i.__0printf$7) refers to stdout.o(.data) for __stdout
    printf7.o(i.__0snprintf$7) refers to printf7.o(i._printf_core) for _printf_core
    printf7.o(i.__0snprintf$7) refers to printf7.o(i._snputc) for _snputc
    printf7.o(i.__0sprintf$7) refers to printf7.o(i._printf_core) for _printf_core
    printf7.o(i.__0sprintf$7) refers to printf7.o(i._sputc) for _sputc
    printf7.o(i.__0vfprintf$7) refers to printf7.o(i._printf_core) for _printf_core
    printf7.o(i.__0vfprintf$7) refers to uart1.o(.text.fputc) for fputc
    printf7.o(i.__0vprintf$7) refers to printf7.o(i._printf_core) for _printf_core
    printf7.o(i.__0vprintf$7) refers to uart1.o(.text.fputc) for fputc
    printf7.o(i.__0vprintf$7) refers to stdout.o(.data) for __stdout
    printf7.o(i.__0vsnprintf$7) refers to printf7.o(i._printf_core) for _printf_core
    printf7.o(i.__0vsnprintf$7) refers to printf7.o(i._snputc) for _snputc
    printf7.o(i.__0vsprintf$7) refers to printf7.o(i._printf_core) for _printf_core
    printf7.o(i.__0vsprintf$7) refers to printf7.o(i._sputc) for _sputc
    printf7.o(i._printf_core) refers to printf7.o(i._printf_pre_padding) for _printf_pre_padding
    printf7.o(i._printf_core) refers to printf7.o(i._printf_post_padding) for _printf_post_padding
    printf7.o(i._printf_core) refers to uldiv.o(.text) for __aeabi_uldivmod
    printf8.o(i.__0fprintf$8) refers to printf8.o(i._printf_core) for _printf_core
    printf8.o(i.__0fprintf$8) refers to uart1.o(.text.fputc) for fputc
    printf8.o(i.__0printf$8) refers to printf8.o(i._printf_core) for _printf_core
    printf8.o(i.__0printf$8) refers to uart1.o(.text.fputc) for fputc
    printf8.o(i.__0printf$8) refers to stdout.o(.data) for __stdout
    printf8.o(i.__0snprintf$8) refers to printf8.o(i._printf_core) for _printf_core
    printf8.o(i.__0snprintf$8) refers to printf8.o(i._snputc) for _snputc
    printf8.o(i.__0sprintf$8) refers to printf8.o(i._printf_core) for _printf_core
    printf8.o(i.__0sprintf$8) refers to printf8.o(i._sputc) for _sputc
    printf8.o(i.__0vfprintf$8) refers to printf8.o(i._printf_core) for _printf_core
    printf8.o(i.__0vfprintf$8) refers to uart1.o(.text.fputc) for fputc
    printf8.o(i.__0vprintf$8) refers to printf8.o(i._printf_core) for _printf_core
    printf8.o(i.__0vprintf$8) refers to uart1.o(.text.fputc) for fputc
    printf8.o(i.__0vprintf$8) refers to stdout.o(.data) for __stdout
    printf8.o(i.__0vsnprintf$8) refers to printf8.o(i._printf_core) for _printf_core
    printf8.o(i.__0vsnprintf$8) refers to printf8.o(i._snputc) for _snputc
    printf8.o(i.__0vsprintf$8) refers to printf8.o(i._printf_core) for _printf_core
    printf8.o(i.__0vsprintf$8) refers to printf8.o(i._sputc) for _sputc
    printf8.o(i._printf_core) refers to printf8.o(i._printf_pre_padding) for _printf_pre_padding
    printf8.o(i._printf_core) refers to printf8.o(i._printf_post_padding) for _printf_post_padding
    printf8.o(i._printf_core) refers to uldiv.o(.text) for __aeabi_uldivmod
    printfa.o(i.__0fprintf) refers (Special) to iusefp.o(.text) for __I$use$fp
    printfa.o(i.__0fprintf) refers to printfa.o(i._printf_core) for _printf_core
    printfa.o(i.__0fprintf) refers to uart1.o(.text.fputc) for fputc
    printfa.o(i.__0printf) refers (Special) to iusefp.o(.text) for __I$use$fp
    printfa.o(i.__0printf) refers to printfa.o(i._printf_core) for _printf_core
    printfa.o(i.__0printf) refers to uart1.o(.text.fputc) for fputc
    printfa.o(i.__0printf) refers to stdout.o(.data) for __stdout
    printfa.o(i.__0snprintf) refers (Special) to iusefp.o(.text) for __I$use$fp
    printfa.o(i.__0snprintf) refers to printfa.o(i._printf_core) for _printf_core
    printfa.o(i.__0snprintf) refers to printfa.o(i._snputc) for _snputc
    printfa.o(i.__0sprintf) refers (Special) to iusefp.o(.text) for __I$use$fp
    printfa.o(i.__0sprintf) refers to printfa.o(i._printf_core) for _printf_core
    printfa.o(i.__0sprintf) refers to printfa.o(i._sputc) for _sputc
    printfa.o(i.__0vfprintf) refers (Special) to iusefp.o(.text) for __I$use$fp
    printfa.o(i.__0vfprintf) refers to printfa.o(i._printf_core) for _printf_core
    printfa.o(i.__0vfprintf) refers to uart1.o(.text.fputc) for fputc
    printfa.o(i.__0vprintf) refers (Special) to iusefp.o(.text) for __I$use$fp
    printfa.o(i.__0vprintf) refers to printfa.o(i._printf_core) for _printf_core
    printfa.o(i.__0vprintf) refers to uart1.o(.text.fputc) for fputc
    printfa.o(i.__0vprintf) refers to stdout.o(.data) for __stdout
    printfa.o(i.__0vsnprintf) refers (Special) to iusefp.o(.text) for __I$use$fp
    printfa.o(i.__0vsnprintf) refers to printfa.o(i._printf_core) for _printf_core
    printfa.o(i.__0vsnprintf) refers to printfa.o(i._snputc) for _snputc
    printfa.o(i.__0vsprintf) refers (Special) to iusefp.o(.text) for __I$use$fp
    printfa.o(i.__0vsprintf) refers to printfa.o(i._printf_core) for _printf_core
    printfa.o(i.__0vsprintf) refers to printfa.o(i._sputc) for _sputc
    printfa.o(i._fp_digits) refers (Special) to iusefp.o(.text) for __I$use$fp
    printfa.o(i._fp_digits) refers to dmul.o(.text) for __aeabi_dmul
    printfa.o(i._fp_digits) refers to ddiv.o(.text) for __aeabi_ddiv
    printfa.o(i._fp_digits) refers to cdrcmple.o(.text) for __aeabi_cdrcmple
    printfa.o(i._fp_digits) refers to dadd.o(.text) for __aeabi_dadd
    printfa.o(i._fp_digits) refers to dfixul.o(.text) for __aeabi_d2ulz
    printfa.o(i._fp_digits) refers to uldiv.o(.text) for __aeabi_uldivmod
    printfa.o(i._printf_core) refers (Special) to iusefp.o(.text) for __I$use$fp
    printfa.o(i._printf_core) refers to printfa.o(i._printf_pre_padding) for _printf_pre_padding
    printfa.o(i._printf_core) refers to uldiv.o(.text) for __aeabi_uldivmod
    printfa.o(i._printf_core) refers to printfa.o(i._printf_post_padding) for _printf_post_padding
    printfa.o(i._printf_core) refers to printfa.o(i._fp_digits) for _fp_digits
    printfa.o(i._printf_core) refers to uidiv_div0.o(.text) for __aeabi_uidivmod
    printfa.o(i._printf_post_padding) refers (Special) to iusefp.o(.text) for __I$use$fp
    printfa.o(i._printf_pre_padding) refers (Special) to iusefp.o(.text) for __I$use$fp
    printfa.o(i._snputc) refers (Special) to iusefp.o(.text) for __I$use$fp
    printfa.o(i._sputc) refers (Special) to iusefp.o(.text) for __I$use$fp
    fadd.o(.text) refers (Special) to iusefp.o(.text) for __I$use$fp
    fadd.o(.text) refers to fepilogue.o(.text) for _float_epilogue
    fmul.o(.text) refers (Special) to iusefp.o(.text) for __I$use$fp
    fdiv.o(.text) refers (Special) to iusefp.o(.text) for __I$use$fp
    fdiv.o(.text) refers to fepilogue.o(.text) for _float_round
    dadd.o(.text) refers (Special) to iusefp.o(.text) for __I$use$fp
    dadd.o(.text) refers to llshl.o(.text) for __aeabi_llsl
    dadd.o(.text) refers to llsshr.o(.text) for __aeabi_lasr
    dadd.o(.text) refers to depilogue.o(.text) for _double_epilogue
    dmul.o(.text) refers (Special) to iusefp.o(.text) for __I$use$fp
    dmul.o(.text) refers to depilogue.o(.text) for _double_epilogue
    fcmplt.o(.text) refers (Special) to iusefp.o(.text) for __I$use$fp
    fcmpge.o(.text) refers (Special) to iusefp.o(.text) for __I$use$fp
    fcmpgt.o(.text) refers (Special) to iusefp.o(.text) for __I$use$fp
    dcmpgt.o(.text) refers (Special) to iusefp.o(.text) for __I$use$fp
    fflti.o(.text) refers (Special) to iusefp.o(.text) for __I$use$fp
    fflti.o(.text) refers to fepilogue.o(.text) for _float_epilogue
    ffltui.o(.text) refers (Special) to iusefp.o(.text) for __I$use$fp
    ffltui.o(.text) refers to fepilogue.o(.text) for _float_epilogue
    ffixi.o(.text) refers (Special) to iusefp.o(.text) for __I$use$fp
    ffixui.o(.text) refers (Special) to iusefp.o(.text) for __I$use$fp
    dfixi.o(.text) refers (Special) to iusefp.o(.text) for __I$use$fp
    dfixi.o(.text) refers to llushr.o(.text) for __aeabi_llsr
    f2d.o(.text) refers (Special) to iusefp.o(.text) for __I$use$fp
    d2f.o(.text) refers (Special) to iusefp.o(.text) for __I$use$fp
    d2f.o(.text) refers to fepilogue.o(.text) for _float_round
    cos_i.o(i.__kernel_cos) refers (Special) to iusefp.o(.text) for __I$use$fp
    cos_i.o(i.__kernel_cos) refers to dfixi.o(.text) for __aeabi_d2iz
    cos_i.o(i.__kernel_cos) refers to dmul.o(.text) for __aeabi_dmul
    cos_i.o(i.__kernel_cos) refers to poly.o(i.__kernel_poly) for __kernel_poly
    cos_i.o(i.__kernel_cos) refers to dadd.o(.text) for __aeabi_dsub
    cos_i.o(i.__kernel_cos) refers to dscalb.o(.text) for __ARM_scalbn
    cos_i.o(i.__kernel_cos) refers to cos_i.o(.constdata) for .constdata
    cos_i.o(.constdata) refers (Special) to iusefp.o(.text) for __I$use$fp
    dunder.o(i.__mathlib_dbl_divzero) refers to ddiv.o(.text) for __aeabi_ddiv
    dunder.o(i.__mathlib_dbl_infnan) refers to dscalb.o(.text) for __ARM_scalbn
    dunder.o(i.__mathlib_dbl_infnan2) refers to dadd.o(.text) for __aeabi_dadd
    dunder.o(i.__mathlib_dbl_invalid) refers to ddiv.o(.text) for __aeabi_ddiv
    dunder.o(i.__mathlib_dbl_overflow) refers to dscalb.o(.text) for __ARM_scalbn
    dunder.o(i.__mathlib_dbl_posinfnan) refers to dmul.o(.text) for __aeabi_dmul
    dunder.o(i.__mathlib_dbl_underflow) refers to dscalb.o(.text) for __ARM_scalbn
    rred.o(i.__ieee754_rem_pio2) refers (Special) to iusefp.o(.text) for __I$use$fp
    rred.o(i.__ieee754_rem_pio2) refers to dadd.o(.text) for __aeabi_dsub
    rred.o(i.__ieee754_rem_pio2) refers to dmul.o(.text) for __aeabi_dmul
    rred.o(i.__ieee754_rem_pio2) refers to dfixi.o(.text) for __aeabi_d2iz
    rred.o(i.__ieee754_rem_pio2) refers to dflti.o(.text) for __aeabi_i2d
    rred.o(i.__ieee754_rem_pio2) refers to rred.o(i.__ARM_common_ll_muluu) for __ARM_common_ll_muluu
    rred.o(i.__ieee754_rem_pio2) refers to dfltui.o(.text) for __aeabi_ui2d
    rred.o(i.__ieee754_rem_pio2) refers to dscalb.o(.text) for __ARM_scalbn
    rred.o(i.__ieee754_rem_pio2) refers to rred.o(.constdata) for .constdata
    rred.o(i.__use_accurate_range_reduction) refers (Special) to iusefp.o(.text) for __I$use$fp
    rred.o(.constdata) refers (Special) to iusefp.o(.text) for __I$use$fp
    sin_i.o(i.__kernel_sin) refers (Special) to iusefp.o(.text) for __I$use$fp
    sin_i.o(i.__kernel_sin) refers to fpclassify.o(i.__ARM_fpclassify) for __ARM_fpclassify
    sin_i.o(i.__kernel_sin) refers to dunder.o(i.__mathlib_dbl_underflow) for __mathlib_dbl_underflow
    sin_i.o(i.__kernel_sin) refers to dmul.o(.text) for __aeabi_dmul
    sin_i.o(i.__kernel_sin) refers to poly.o(i.__kernel_poly) for __kernel_poly
    sin_i.o(i.__kernel_sin) refers to dscalb.o(.text) for __ARM_scalbn
    sin_i.o(i.__kernel_sin) refers to dadd.o(.text) for __aeabi_dsub
    sin_i.o(i.__kernel_sin) refers to sin_i.o(.constdata) for .constdata
    sin_i.o(.constdata) refers (Special) to iusefp.o(.text) for __I$use$fp
    entry2.o(.ARM.Collect$$$$00000001) refers to entry2.o(.ARM.Collect$$$$00002712) for __lit__00000000
    entry2.o(.ARM.Collect$$$$00002712) refers to startup_cw32f003.o(STACK) for __initial_sp
    entry2.o(__vectab_stack_and_reset_area) refers to startup_cw32f003.o(STACK) for __initial_sp
    entry2.o(__vectab_stack_and_reset_area) refers to entry.o(.ARM.Collect$$$$00000000) for __main
    entry5.o(.ARM.Collect$$$$00000004) refers to init.o(.text) for __scatterload
    entry9a.o(.ARM.Collect$$$$0000000B) refers to main.o(.text.main) for main
    entry9b.o(.ARM.Collect$$$$0000000C) refers to main.o(.text.main) for main
    idiv_div0.o(.text) refers to uidiv_div0.o(.text) for __aeabi_uidivmod
    uldiv.o(.text) refers to llushr.o(.text) for __aeabi_llsr
    uldiv.o(.text) refers to llshl.o(.text) for __aeabi_llsl
    errno.o(i.__aeabi_errno_addr) refers to errno.o(.data) for .data
    errno.o(i.__read_errno) refers to errno.o(.data) for .data
    errno.o(i.__set_errno) refers to errno.o(.data) for .data
    fepilogue.o(.text) refers (Special) to iusefp.o(.text) for __I$use$fp
    depilogue.o(.text) refers (Special) to iusefp.o(.text) for __I$use$fp
    depilogue.o(.text) refers to depilogue.o(i.__ARM_clz) for __ARM_clz
    depilogue.o(.text) refers to llshl.o(.text) for __aeabi_llsl
    depilogue.o(.text) refers to llushr.o(.text) for __aeabi_llsr
    ddiv.o(.text) refers (Special) to iusefp.o(.text) for __I$use$fp
    ddiv.o(.text) refers to depilogue.o(.text) for _double_round
    dfixul.o(.text) refers (Special) to iusefp.o(.text) for __I$use$fp
    dfixul.o(.text) refers to llushr.o(.text) for __aeabi_llsr
    dfixul.o(.text) refers to llshl.o(.text) for __aeabi_llsl
    cdrcmple.o(.text) refers (Special) to iusefp.o(.text) for __I$use$fp
    fpclassify.o(i.__ARM_fpclassify) refers (Special) to iusefp.o(.text) for __I$use$fp
    poly.o(i.__kernel_poly) refers (Special) to iusefp.o(.text) for __I$use$fp
    poly.o(i.__kernel_poly) refers to dmul.o(.text) for __aeabi_dmul
    poly.o(i.__kernel_poly) refers to dadd.o(.text) for __aeabi_dadd
    init.o(.text) refers to entry5.o(.ARM.Collect$$$$00000004) for __main_after_scatterload
    dscalb.o(.text) refers (Special) to iusefp.o(.text) for __I$use$fp
    dflti.o(.text) refers (Special) to iusefp.o(.text) for __I$use$fp
    dflti.o(.text) refers to depilogue.o(.text) for _double_epilogue
    dfltui.o(.text) refers (Special) to iusefp.o(.text) for __I$use$fp
    dfltui.o(.text) refers to depilogue.o(.text) for _double_epilogue
    rred.o(i.__ARM_common_ll_muluu) refers (Special) to iusefp.o(.text) for __I$use$fp
    depilogue.o(i.__ARM_clz) refers (Special) to iusefp.o(.text) for __I$use$fp


==============================================================================

Removing Unused input sections from the image.

    Removing system_cw32f003.o(.text), (0 bytes).
    Removing system_cw32f003.o(.text.SystemCoreClockUpdate), (16 bytes).
    Removing system_cw32f003.o(.ARM.exidx.text.SystemCoreClockUpdate), (8 bytes).
    Removing system_cw32f003.o(.ARM.exidx.text.SystemInit), (8 bytes).
    Removing system_cw32f003.o(.ARM.exidx.text.FirmwareDelay), (8 bytes).
    Removing system_cw32f003.o(.text.MemClr), (16 bytes).
    Removing system_cw32f003.o(.ARM.exidx.text.MemClr), (8 bytes).
    Removing startup_cw32f003.o(HEAP), (512 bytes).
    Removing cw32f003_adc.o(.text), (0 bytes).
    Removing cw32f003_adc.o(.text.ADC_GetITStatusAll), (12 bytes).
    Removing cw32f003_adc.o(.ARM.exidx.text.ADC_GetITStatusAll), (8 bytes).
    Removing cw32f003_adc.o(.text.ADC_GetITStatus), (16 bytes).
    Removing cw32f003_adc.o(.ARM.exidx.text.ADC_GetITStatus), (8 bytes).
    Removing cw32f003_adc.o(.text.ADC_ClearITPendingAll), (16 bytes).
    Removing cw32f003_adc.o(.ARM.exidx.text.ADC_ClearITPendingAll), (8 bytes).
    Removing cw32f003_adc.o(.text.ADC_ClearITPendingBit), (16 bytes).
    Removing cw32f003_adc.o(.ARM.exidx.text.ADC_ClearITPendingBit), (8 bytes).
    Removing cw32f003_adc.o(.text.ADC_EnableIrq), (48 bytes).
    Removing cw32f003_adc.o(.ARM.exidx.text.ADC_EnableIrq), (8 bytes).
    Removing cw32f003_adc.o(.text.ADC_EnableNvic), (48 bytes).
    Removing cw32f003_adc.o(.ARM.exidx.text.ADC_EnableNvic), (8 bytes).
    Removing cw32f003_adc.o(.text.ADC_DisableIrq), (64 bytes).
    Removing cw32f003_adc.o(.ARM.exidx.text.ADC_DisableIrq), (8 bytes).
    Removing cw32f003_adc.o(.text.ADC_DisableNvic), (48 bytes).
    Removing cw32f003_adc.o(.ARM.exidx.text.ADC_DisableNvic), (8 bytes).
    Removing cw32f003_adc.o(.text.ADC_WdtConfig), (72 bytes).
    Removing cw32f003_adc.o(.ARM.exidx.text.ADC_WdtConfig), (8 bytes).
    Removing cw32f003_adc.o(.text.ADC_Init), (116 bytes).
    Removing cw32f003_adc.o(.ARM.exidx.text.ADC_Init), (8 bytes).
    Removing cw32f003_adc.o(.text.ADC_StructInit), (22 bytes).
    Removing cw32f003_adc.o(.ARM.exidx.text.ADC_StructInit), (8 bytes).
    Removing cw32f003_adc.o(.text.ADC_WdtInit), (24 bytes).
    Removing cw32f003_adc.o(.ARM.exidx.text.ADC_WdtInit), (8 bytes).
    Removing cw32f003_adc.o(.text.ADC_ExtTrigCfg), (28 bytes).
    Removing cw32f003_adc.o(.ARM.exidx.text.ADC_ExtTrigCfg), (8 bytes).
    Removing cw32f003_adc.o(.text.ADC_DeInit), (24 bytes).
    Removing cw32f003_adc.o(.ARM.exidx.text.ADC_DeInit), (8 bytes).
    Removing cw32f003_adc.o(.text.ADC_SoftwareStartConvCmd), (24 bytes).
    Removing cw32f003_adc.o(.ARM.exidx.text.ADC_SoftwareStartConvCmd), (8 bytes).
    Removing cw32f003_adc.o(.text.ADC_Enable), (44 bytes).
    Removing cw32f003_adc.o(.ARM.exidx.text.ADC_Enable), (8 bytes).
    Removing cw32f003_adc.o(.text.ADC_Disable), (16 bytes).
    Removing cw32f003_adc.o(.ARM.exidx.text.ADC_Disable), (8 bytes).
    Removing cw32f003_adc.o(.text.ADC_SingleChCommon), (240 bytes).
    Removing cw32f003_adc.o(.ARM.exidx.text.ADC_SingleChCommon), (8 bytes).
    Removing cw32f003_adc.o(.text.ADC_BufEnSingleCh), (48 bytes).
    Removing cw32f003_adc.o(.ARM.exidx.text.ADC_BufEnSingleCh), (8 bytes).
    Removing cw32f003_adc.o(.text.ADC_SingleChOneModeCfg), (24 bytes).
    Removing cw32f003_adc.o(.ARM.exidx.text.ADC_SingleChOneModeCfg), (8 bytes).
    Removing cw32f003_adc.o(.text.ADC_SingleChMoreModeCfg), (44 bytes).
    Removing cw32f003_adc.o(.ARM.exidx.text.ADC_SingleChMoreModeCfg), (8 bytes).
    Removing cw32f003_adc.o(.text.ADC_SingleChContinuousModeCfg), (28 bytes).
    Removing cw32f003_adc.o(.ARM.exidx.text.ADC_SingleChContinuousModeCfg), (8 bytes).
    Removing cw32f003_adc.o(.text.ADC_SerialChCommon), (300 bytes).
    Removing cw32f003_adc.o(.ARM.exidx.text.ADC_SerialChCommon), (8 bytes).
    Removing cw32f003_adc.o(.text.ADC_Sqr0ChannelCfg), (68 bytes).
    Removing cw32f003_adc.o(.ARM.exidx.text.ADC_Sqr0ChannelCfg), (8 bytes).
    Removing cw32f003_adc.o(.text.ADC_Sqr01ChannelCfg), (116 bytes).
    Removing cw32f003_adc.o(.ARM.exidx.text.ADC_Sqr01ChannelCfg), (8 bytes).
    Removing cw32f003_adc.o(.text.ADC_Sqr02ChannelCfg), (156 bytes).
    Removing cw32f003_adc.o(.ARM.exidx.text.ADC_Sqr02ChannelCfg), (8 bytes).
    Removing cw32f003_adc.o(.text.ADC_Sqr03ChannelCfg), (192 bytes).
    Removing cw32f003_adc.o(.ARM.exidx.text.ADC_Sqr03ChannelCfg), (8 bytes).
    Removing cw32f003_adc.o(.text.ADC_SerialChContinuousModeCfg), (28 bytes).
    Removing cw32f003_adc.o(.ARM.exidx.text.ADC_SerialChContinuousModeCfg), (8 bytes).
    Removing cw32f003_adc.o(.text.ADC_SerialChScanModeCfg), (28 bytes).
    Removing cw32f003_adc.o(.ARM.exidx.text.ADC_SerialChScanModeCfg), (8 bytes).
    Removing cw32f003_adc.o(.text.ADC_SerialChMoreModeCfg), (44 bytes).
    Removing cw32f003_adc.o(.ARM.exidx.text.ADC_SerialChMoreModeCfg), (8 bytes).
    Removing cw32f003_adc.o(.text.ADC_SerialChBreakModeCfg), (28 bytes).
    Removing cw32f003_adc.o(.ARM.exidx.text.ADC_SerialChBreakModeCfg), (8 bytes).
    Removing cw32f003_adc.o(.text.ADC_BufEnSerialCh), (48 bytes).
    Removing cw32f003_adc.o(.ARM.exidx.text.ADC_BufEnSerialCh), (8 bytes).
    Removing cw32f003_adc.o(.text.ADC_GetConversionValue), (12 bytes).
    Removing cw32f003_adc.o(.ARM.exidx.text.ADC_GetConversionValue), (8 bytes).
    Removing cw32f003_adc.o(.ARM.exidx.text.ADC_GetSqr0Result), (8 bytes).
    Removing cw32f003_adc.o(.ARM.exidx.text.ADC_GetSqr1Result), (8 bytes).
    Removing cw32f003_adc.o(.text.ADC_GetSqr2Result), (16 bytes).
    Removing cw32f003_adc.o(.ARM.exidx.text.ADC_GetSqr2Result), (8 bytes).
    Removing cw32f003_adc.o(.text.ADC_GetSqr3Result), (16 bytes).
    Removing cw32f003_adc.o(.ARM.exidx.text.ADC_GetSqr3Result), (8 bytes).
    Removing cw32f003_adc.o(.text.ADC_GetAccResult), (16 bytes).
    Removing cw32f003_adc.o(.ARM.exidx.text.ADC_GetAccResult), (8 bytes).
    Removing cw32f003_adc.o(.text.ADC_ClrAccResult), (20 bytes).
    Removing cw32f003_adc.o(.ARM.exidx.text.ADC_ClrAccResult), (8 bytes).
    Removing cw32f003_adc.o(.text.ADC_SetVref), (52 bytes).
    Removing cw32f003_adc.o(.ARM.exidx.text.ADC_SetVref), (8 bytes).
    Removing cw32f003_adc.o(.text.ADC_SetAlign), (20 bytes).
    Removing cw32f003_adc.o(.ARM.exidx.text.ADC_SetAlign), (8 bytes).
    Removing cw32f003_adc.o(.text.ADC_SetDiscard), (20 bytes).
    Removing cw32f003_adc.o(.ARM.exidx.text.ADC_SetDiscard), (8 bytes).
    Removing cw32f003_adc.o(.text.ADC_SetTs), (20 bytes).
    Removing cw32f003_adc.o(.ARM.exidx.text.ADC_SetTs), (8 bytes).
    Removing cw32f003_adc.o(.text.ADC_GetTsVref1V5), (72 bytes).
    Removing cw32f003_adc.o(.ARM.exidx.text.ADC_GetTsVref1V5), (8 bytes).
    Removing cw32f003_adc.o(.text.ADC_GetTsVref2V5), (72 bytes).
    Removing cw32f003_adc.o(.ARM.exidx.text.ADC_GetTsVref2V5), (8 bytes).
    Removing cw32f003_adc.o(.text.ADC_AutoStop), (20 bytes).
    Removing cw32f003_adc.o(.ARM.exidx.text.ADC_AutoStop), (8 bytes).
    Removing cw32f003_adc.o(.text.ADC_ITConfig), (28 bytes).
    Removing cw32f003_adc.o(.ARM.exidx.text.ADC_ITConfig), (8 bytes).
    Removing cw32f003_awt.o(.text), (0 bytes).
    Removing cw32f003_awt.o(.text.AWT_DeInit), (24 bytes).
    Removing cw32f003_awt.o(.ARM.exidx.text.AWT_DeInit), (8 bytes).
    Removing cw32f003_awt.o(.text.AWT_TimeCntInit), (36 bytes).
    Removing cw32f003_awt.o(.ARM.exidx.text.AWT_TimeCntInit), (8 bytes).
    Removing cw32f003_awt.o(.text.AWT_TimeCntStructInit), (24 bytes).
    Removing cw32f003_awt.o(.ARM.exidx.text.AWT_TimeCntStructInit), (8 bytes).
    Removing cw32f003_awt.o(.text.AWT_Cmd), (24 bytes).
    Removing cw32f003_awt.o(.ARM.exidx.text.AWT_Cmd), (8 bytes).
    Removing cw32f003_awt.o(.text.AWT_ITConfig), (28 bytes).
    Removing cw32f003_awt.o(.ARM.exidx.text.AWT_ITConfig), (8 bytes).
    Removing cw32f003_awt.o(.text.AWT_GetITStatus), (16 bytes).
    Removing cw32f003_awt.o(.ARM.exidx.text.AWT_GetITStatus), (8 bytes).
    Removing cw32f003_awt.o(.text.AWT_ClearITPendingBit), (16 bytes).
    Removing cw32f003_awt.o(.ARM.exidx.text.AWT_ClearITPendingBit), (8 bytes).
    Removing cw32f003_awt.o(.text.AWT_ClkSourceConfig), (20 bytes).
    Removing cw32f003_awt.o(.ARM.exidx.text.AWT_ClkSourceConfig), (8 bytes).
    Removing cw32f003_awt.o(.text.AWT_PrescalerConfig), (20 bytes).
    Removing cw32f003_awt.o(.ARM.exidx.text.AWT_PrescalerConfig), (8 bytes).
    Removing cw32f003_awt.o(.text.AWT_GetCounter), (12 bytes).
    Removing cw32f003_awt.o(.ARM.exidx.text.AWT_GetCounter), (8 bytes).
    Removing cw32f003_awt.o(.text.AWT_GetAutoreload), (12 bytes).
    Removing cw32f003_awt.o(.ARM.exidx.text.AWT_GetAutoreload), (8 bytes).
    Removing cw32f003_awt.o(.text.AWT_GetClkSource), (16 bytes).
    Removing cw32f003_awt.o(.ARM.exidx.text.AWT_GetClkSource), (8 bytes).
    Removing cw32f003_awt.o(.text.AWT_GetPrescaler), (16 bytes).
    Removing cw32f003_awt.o(.ARM.exidx.text.AWT_GetPrescaler), (8 bytes).
    Removing cw32f003_btim.o(.text), (0 bytes).
    Removing cw32f003_btim.o(.text.BTIM_DeInit), (24 bytes).
    Removing cw32f003_btim.o(.ARM.exidx.text.BTIM_DeInit), (8 bytes).
    Removing cw32f003_btim.o(.ARM.exidx.text.BTIM_TimeBaseInit), (8 bytes).
    Removing cw32f003_btim.o(.text.BTIM_TimeBaseStructInit), (16 bytes).
    Removing cw32f003_btim.o(.ARM.exidx.text.BTIM_TimeBaseStructInit), (8 bytes).
    Removing cw32f003_btim.o(.ARM.exidx.text.BTIM_Cmd), (8 bytes).
    Removing cw32f003_btim.o(.ARM.exidx.text.BTIM_ITConfig), (8 bytes).
    Removing cw32f003_btim.o(.text.BTIM_PrescalerConfig), (34 bytes).
    Removing cw32f003_btim.o(.ARM.exidx.text.BTIM_PrescalerConfig), (8 bytes).
    Removing cw32f003_btim.o(.text.BTIM_ModeConfig), (12 bytes).
    Removing cw32f003_btim.o(.ARM.exidx.text.BTIM_ModeConfig), (8 bytes).
    Removing cw32f003_btim.o(.text.BTIM_SelectInputTrigger), (12 bytes).
    Removing cw32f003_btim.o(.ARM.exidx.text.BTIM_SelectInputTrigger), (8 bytes).
    Removing cw32f003_btim.o(.text.BTIM_SelectETRInputPolarity), (12 bytes).
    Removing cw32f003_btim.o(.ARM.exidx.text.BTIM_SelectETRInputPolarity), (8 bytes).
    Removing cw32f003_btim.o(.text.BTIM_SelectOnePulseMode), (12 bytes).
    Removing cw32f003_btim.o(.ARM.exidx.text.BTIM_SelectOnePulseMode), (8 bytes).
    Removing cw32f003_btim.o(.text.BTIM_OutputToggleCmd), (18 bytes).
    Removing cw32f003_btim.o(.ARM.exidx.text.BTIM_OutputToggleCmd), (8 bytes).
    Removing cw32f003_btim.o(.text.BTIM_ETRConfig), (24 bytes).
    Removing cw32f003_btim.o(.ARM.exidx.text.BTIM_ETRConfig), (8 bytes).
    Removing cw32f003_btim.o(.text.BTIM_SetCounter), (4 bytes).
    Removing cw32f003_btim.o(.ARM.exidx.text.BTIM_SetCounter), (8 bytes).
    Removing cw32f003_btim.o(.text.BTIM_SetAutoreload), (4 bytes).
    Removing cw32f003_btim.o(.ARM.exidx.text.BTIM_SetAutoreload), (8 bytes).
    Removing cw32f003_btim.o(.text.BTIM_GetCounter), (6 bytes).
    Removing cw32f003_btim.o(.ARM.exidx.text.BTIM_GetCounter), (8 bytes).
    Removing cw32f003_btim.o(.text.BTIM_GetAutoreload), (6 bytes).
    Removing cw32f003_btim.o(.ARM.exidx.text.BTIM_GetAutoreload), (8 bytes).
    Removing cw32f003_btim.o(.text.BTIM_GetPrescaler), (8 bytes).
    Removing cw32f003_btim.o(.ARM.exidx.text.BTIM_GetPrescaler), (8 bytes).
    Removing cw32f003_btim.o(.ARM.exidx.text.BTIM_GetITStatus), (8 bytes).
    Removing cw32f003_btim.o(.ARM.exidx.text.BTIM_ClearITPendingBit), (8 bytes).
    Removing cw32f003_crc.o(.text), (0 bytes).
    Removing cw32f003_crc.o(.text.CRC16_Calc_8bit), (112 bytes).
    Removing cw32f003_crc.o(.ARM.exidx.text.CRC16_Calc_8bit), (8 bytes).
    Removing cw32f003_debug.o(.text), (0 bytes).
    Removing cw32f003_debug.o(.text.DBGMCU_Config), (28 bytes).
    Removing cw32f003_debug.o(.ARM.exidx.text.DBGMCU_Config), (8 bytes).
    Removing cw32f003_digitalsign.o(.text), (0 bytes).
    Removing cw32f003_digitalsign.o(.text.DIGITALSIGN_GetChipType), (80 bytes).
    Removing cw32f003_digitalsign.o(.ARM.exidx.text.DIGITALSIGN_GetChipType), (8 bytes).
    Removing cw32f003_digitalsign.o(.text.DIGITALSIGN_GetPinCount), (12 bytes).
    Removing cw32f003_digitalsign.o(.ARM.exidx.text.DIGITALSIGN_GetPinCount), (8 bytes).
    Removing cw32f003_digitalsign.o(.text.DIGITALSIGN_GetFlashSize), (12 bytes).
    Removing cw32f003_digitalsign.o(.ARM.exidx.text.DIGITALSIGN_GetFlashSize), (8 bytes).
    Removing cw32f003_digitalsign.o(.text.DIGITALSIGN_GetRamSize), (12 bytes).
    Removing cw32f003_digitalsign.o(.ARM.exidx.text.DIGITALSIGN_GetRamSize), (8 bytes).
    Removing cw32f003_digitalsign.o(.text.DIGITALSIGN_GetChipUid), (48 bytes).
    Removing cw32f003_digitalsign.o(.ARM.exidx.text.DIGITALSIGN_GetChipUid), (8 bytes).
    Removing cw32f003_flash.o(.text), (0 bytes).
    Removing cw32f003_flash.o(.ARM.exidx.text.FLASH_SetLatency), (8 bytes).
    Removing cw32f003_flash.o(.text.FLASH_GetReadOutLevel), (16 bytes).
    Removing cw32f003_flash.o(.ARM.exidx.text.FLASH_GetReadOutLevel), (8 bytes).
    Removing cw32f003_flash.o(.text.FLASH_SetReadOutLevel), (48 bytes).
    Removing cw32f003_flash.o(.ARM.exidx.text.FLASH_SetReadOutLevel), (8 bytes).
    Removing cw32f003_flash.o(.text.FLASH_UnlockAllPages), (16 bytes).
    Removing cw32f003_flash.o(.ARM.exidx.text.FLASH_UnlockAllPages), (8 bytes).
    Removing cw32f003_flash.o(.text.FLASH_LockAllPages), (16 bytes).
    Removing cw32f003_flash.o(.ARM.exidx.text.FLASH_LockAllPages), (8 bytes).
    Removing cw32f003_flash.o(.text.FLASH_UnlockPage), (32 bytes).
    Removing cw32f003_flash.o(.ARM.exidx.text.FLASH_UnlockPage), (8 bytes).
    Removing cw32f003_flash.o(.text.FLASH_UnlockPages), (128 bytes).
    Removing cw32f003_flash.o(.ARM.exidx.text.FLASH_UnlockPages), (8 bytes).
    Removing cw32f003_flash.o(.text.FLASH_ErasePage), (112 bytes).
    Removing cw32f003_flash.o(.ARM.exidx.text.FLASH_ErasePage), (8 bytes).
    Removing cw32f003_flash.o(.text.FLASH_ErasePages), (140 bytes).
    Removing cw32f003_flash.o(.ARM.exidx.text.FLASH_ErasePages), (8 bytes).
    Removing cw32f003_flash.o(.text.FLASH_WirteBytes), (376 bytes).
    Removing cw32f003_flash.o(.ARM.exidx.text.FLASH_WirteBytes), (8 bytes).
    Removing cw32f003_flash.o(.text.FLASH_LockPage), (32 bytes).
    Removing cw32f003_flash.o(.ARM.exidx.text.FLASH_LockPage), (8 bytes).
    Removing cw32f003_flash.o(.text.FLASH_LockPages), (128 bytes).
    Removing cw32f003_flash.o(.ARM.exidx.text.FLASH_LockPages), (8 bytes).
    Removing cw32f003_flash.o(.text.FLASH_ITConfig), (28 bytes).
    Removing cw32f003_flash.o(.ARM.exidx.text.FLASH_ITConfig), (8 bytes).
    Removing cw32f003_flash.o(.text.FLASH_GetITStatus), (16 bytes).
    Removing cw32f003_flash.o(.ARM.exidx.text.FLASH_GetITStatus), (8 bytes).
    Removing cw32f003_flash.o(.text.FLASH_ClearITPendingBit), (16 bytes).
    Removing cw32f003_flash.o(.ARM.exidx.text.FLASH_ClearITPendingBit), (8 bytes).
    Removing cw32f003_flash.o(.text.FLASH_GetStatus), (40 bytes).
    Removing cw32f003_flash.o(.ARM.exidx.text.FLASH_GetStatus), (8 bytes).
    Removing cw32f003_gpio.o(.text), (0 bytes).
    Removing cw32f003_gpio.o(.ARM.exidx.text.GPIO_Init), (8 bytes).
    Removing cw32f003_gpio.o(.text.GPIO_DeInit), (56 bytes).
    Removing cw32f003_gpio.o(.ARM.exidx.text.GPIO_DeInit), (8 bytes).
    Removing cw32f003_gpio.o(.ARM.exidx.text.GPIO_ReadPin), (8 bytes).
    Removing cw32f003_gpio.o(.ARM.exidx.text.GPIO_WritePin), (8 bytes).
    Removing cw32f003_gpio.o(.text.GPIO_TogglePin), (4 bytes).
    Removing cw32f003_gpio.o(.ARM.exidx.text.GPIO_TogglePin), (8 bytes).
    Removing cw32f003_gpio.o(.text.GPIO_SWD2GPIO), (20 bytes).
    Removing cw32f003_gpio.o(.ARM.exidx.text.GPIO_SWD2GPIO), (8 bytes).
    Removing cw32f003_gpio.o(.text.GPIO_GPIO2SWD), (24 bytes).
    Removing cw32f003_gpio.o(.ARM.exidx.text.GPIO_GPIO2SWD), (8 bytes).
    Removing cw32f003_gpio.o(.text.GPIO_NRST2GPIO), (20 bytes).
    Removing cw32f003_gpio.o(.ARM.exidx.text.GPIO_NRST2GPIO), (8 bytes).
    Removing cw32f003_gpio.o(.text.GPIO_GPIO2NRST), (24 bytes).
    Removing cw32f003_gpio.o(.ARM.exidx.text.GPIO_GPIO2NRST), (8 bytes).
    Removing cw32f003_gpio.o(.ARM.exidx.text.GPIO_ConfigFilter), (8 bytes).
    Removing cw32f003_gtim.o(.text), (0 bytes).
    Removing cw32f003_gtim.o(.text.GTIM_DeInit), (24 bytes).
    Removing cw32f003_gtim.o(.ARM.exidx.text.GTIM_DeInit), (8 bytes).
    Removing cw32f003_gtim.o(.ARM.exidx.text.GTIM_TimeBaseInit), (8 bytes).
    Removing cw32f003_gtim.o(.text.GTIM_EncodeInit), (88 bytes).
    Removing cw32f003_gtim.o(.ARM.exidx.text.GTIM_EncodeInit), (8 bytes).
    Removing cw32f003_gtim.o(.ARM.exidx.text.GTIM_OCInit), (8 bytes).
    Removing cw32f003_gtim.o(.text.GTIM_ICInit), (52 bytes).
    Removing cw32f003_gtim.o(.ARM.exidx.text.GTIM_ICInit), (8 bytes).
    Removing cw32f003_gtim.o(.ARM.exidx.text.GTIM_Cmd), (8 bytes).
    Removing cw32f003_gtim.o(.text.GTIM_ETRConfig), (32 bytes).
    Removing cw32f003_gtim.o(.ARM.exidx.text.GTIM_ETRConfig), (8 bytes).
    Removing cw32f003_gtim.o(.text.GTIM_ITRConfig), (36 bytes).
    Removing cw32f003_gtim.o(.ARM.exidx.text.GTIM_ITRConfig), (8 bytes).
    Removing cw32f003_gtim.o(.text.GTIM_ICChannelConfig), (28 bytes).
    Removing cw32f003_gtim.o(.ARM.exidx.text.GTIM_ICChannelConfig), (8 bytes).
    Removing cw32f003_gtim.o(.text.GTIM_SetPrescaler), (20 bytes).
    Removing cw32f003_gtim.o(.ARM.exidx.text.GTIM_SetPrescaler), (8 bytes).
    Removing cw32f003_gtim.o(.text.GTIM_SetReloadValue), (12 bytes).
    Removing cw32f003_gtim.o(.ARM.exidx.text.GTIM_SetReloadValue), (8 bytes).
    Removing cw32f003_gtim.o(.text.GTIM_SetCounterValue), (12 bytes).
    Removing cw32f003_gtim.o(.ARM.exidx.text.GTIM_SetCounterValue), (8 bytes).
    Removing cw32f003_gtim.o(.text.GTIM_SetCompare1), (12 bytes).
    Removing cw32f003_gtim.o(.ARM.exidx.text.GTIM_SetCompare1), (8 bytes).
    Removing cw32f003_gtim.o(.text.GTIM_SetCompare2), (12 bytes).
    Removing cw32f003_gtim.o(.ARM.exidx.text.GTIM_SetCompare2), (8 bytes).
    Removing cw32f003_gtim.o(.ARM.exidx.text.GTIM_SetCompare3), (8 bytes).
    Removing cw32f003_gtim.o(.text.GTIM_SetCompare4), (12 bytes).
    Removing cw32f003_gtim.o(.ARM.exidx.text.GTIM_SetCompare4), (8 bytes).
    Removing cw32f003_gtim.o(.text.GTIM_GetCapture1), (12 bytes).
    Removing cw32f003_gtim.o(.ARM.exidx.text.GTIM_GetCapture1), (8 bytes).
    Removing cw32f003_gtim.o(.text.GTIM_GetCapture2), (12 bytes).
    Removing cw32f003_gtim.o(.ARM.exidx.text.GTIM_GetCapture2), (8 bytes).
    Removing cw32f003_gtim.o(.text.GTIM_GetCapture3), (12 bytes).
    Removing cw32f003_gtim.o(.ARM.exidx.text.GTIM_GetCapture3), (8 bytes).
    Removing cw32f003_gtim.o(.text.GTIM_GetCapture4), (12 bytes).
    Removing cw32f003_gtim.o(.ARM.exidx.text.GTIM_GetCapture4), (8 bytes).
    Removing cw32f003_gtim.o(.ARM.exidx.text.GTIM_ITConfig), (8 bytes).
    Removing cw32f003_gtim.o(.text.GTIM_GetITStatus), (16 bytes).
    Removing cw32f003_gtim.o(.ARM.exidx.text.GTIM_GetITStatus), (8 bytes).
    Removing cw32f003_gtim.o(.text.GTIM_ClearITPendingBit), (12 bytes).
    Removing cw32f003_gtim.o(.ARM.exidx.text.GTIM_ClearITPendingBit), (8 bytes).
    Removing cw32f003_i2c.o(.text), (0 bytes).
    Removing cw32f003_i2c.o(.text.I2C_BaudGeneratorEnable), (24 bytes).
    Removing cw32f003_i2c.o(.ARM.exidx.text.I2C_BaudGeneratorEnable), (8 bytes).
    Removing cw32f003_i2c.o(.text.I2C_SetBaud), (12 bytes).
    Removing cw32f003_i2c.o(.ARM.exidx.text.I2C_SetBaud), (8 bytes).
    Removing cw32f003_i2c.o(.text.I2C_GenerateSTART), (68 bytes).
    Removing cw32f003_i2c.o(.ARM.exidx.text.I2C_GenerateSTART), (8 bytes).
    Removing cw32f003_i2c.o(.text.I2C_GenerateSTOP), (24 bytes).
    Removing cw32f003_i2c.o(.ARM.exidx.text.I2C_GenerateSTOP), (8 bytes).
    Removing cw32f003_i2c.o(.text.I2C_AcknowledgeConfig), (24 bytes).
    Removing cw32f003_i2c.o(.ARM.exidx.text.I2C_AcknowledgeConfig), (8 bytes).
    Removing cw32f003_i2c.o(.text.I2C_FilterConfig), (24 bytes).
    Removing cw32f003_i2c.o(.ARM.exidx.text.I2C_FilterConfig), (8 bytes).
    Removing cw32f003_i2c.o(.text.I2C_SetOwnSlaveAddress0), (20 bytes).
    Removing cw32f003_i2c.o(.ARM.exidx.text.I2C_SetOwnSlaveAddress0), (8 bytes).
    Removing cw32f003_i2c.o(.text.I2C_SetOwnSlaveAddress1), (20 bytes).
    Removing cw32f003_i2c.o(.ARM.exidx.text.I2C_SetOwnSlaveAddress1), (8 bytes).
    Removing cw32f003_i2c.o(.text.I2C_SetOwnSlaveAddress2), (20 bytes).
    Removing cw32f003_i2c.o(.ARM.exidx.text.I2C_SetOwnSlaveAddress2), (8 bytes).
    Removing cw32f003_i2c.o(.text.I2C_GcConfig), (24 bytes).
    Removing cw32f003_i2c.o(.ARM.exidx.text.I2C_GcConfig), (8 bytes).
    Removing cw32f003_i2c.o(.text.I2C_Cmd), (24 bytes).
    Removing cw32f003_i2c.o(.ARM.exidx.text.I2C_Cmd), (8 bytes).
    Removing cw32f003_i2c.o(.text.I2C_GetIrq), (16 bytes).
    Removing cw32f003_i2c.o(.ARM.exidx.text.I2C_GetIrq), (8 bytes).
    Removing cw32f003_i2c.o(.text.I2C_ClearIrq), (16 bytes).
    Removing cw32f003_i2c.o(.ARM.exidx.text.I2C_ClearIrq), (8 bytes).
    Removing cw32f003_i2c.o(.text.I2C_GetState), (12 bytes).
    Removing cw32f003_i2c.o(.ARM.exidx.text.I2C_GetState), (8 bytes).
    Removing cw32f003_i2c.o(.text.I2C_Master_Init), (84 bytes).
    Removing cw32f003_i2c.o(.ARM.exidx.text.I2C_Master_Init), (8 bytes).
    Removing cw32f003_i2c.o(.text.I2C_Slave_Init), (92 bytes).
    Removing cw32f003_i2c.o(.ARM.exidx.text.I2C_Slave_Init), (8 bytes).
    Removing cw32f003_i2c.o(.text.I2C_DeInit), (36 bytes).
    Removing cw32f003_i2c.o(.ARM.exidx.text.I2C_DeInit), (8 bytes).
    Removing cw32f003_i2c.o(.text.I2C_SendData), (12 bytes).
    Removing cw32f003_i2c.o(.ARM.exidx.text.I2C_SendData), (8 bytes).
    Removing cw32f003_i2c.o(.text.I2C_ReceiveData), (12 bytes).
    Removing cw32f003_i2c.o(.ARM.exidx.text.I2C_ReceiveData), (8 bytes).
    Removing cw32f003_i2c.o(.text.I2C_Send7bitAddress), (20 bytes).
    Removing cw32f003_i2c.o(.ARM.exidx.text.I2C_Send7bitAddress), (8 bytes).
    Removing cw32f003_i2c.o(.text.I2C_SoftwareResetCmd), (28 bytes).
    Removing cw32f003_i2c.o(.ARM.exidx.text.I2C_SoftwareResetCmd), (8 bytes).
    Removing cw32f003_i2c.o(.text.I2C_MasterReadEepomData), (408 bytes).
    Removing cw32f003_i2c.o(.ARM.exidx.text.I2C_MasterReadEepomData), (8 bytes).
    Removing cw32f003_i2c.o(.text.I2C_MasterWriteEepromData), (280 bytes).
    Removing cw32f003_i2c.o(.ARM.exidx.text.I2C_MasterWriteEepromData), (8 bytes).
    Removing cw32f003_i2c.o(.text.I2C_MasterRecDataFromSlave), (368 bytes).
    Removing cw32f003_i2c.o(.ARM.exidx.text.I2C_MasterRecDataFromSlave), (8 bytes).
    Removing cw32f003_i2c.o(.text.I2C_MasterSendDataToSlave), (240 bytes).
    Removing cw32f003_i2c.o(.ARM.exidx.text.I2C_MasterSendDataToSlave), (8 bytes).
    Removing cw32f003_i2c.o(.text.I2C_SlaveSendDataToMaster), (100 bytes).
    Removing cw32f003_i2c.o(.ARM.exidx.text.I2C_SlaveSendDataToMaster), (8 bytes).
    Removing cw32f003_i2c.o(.text.I2C_SlaveRecDataFromMaster), (92 bytes).
    Removing cw32f003_i2c.o(.ARM.exidx.text.I2C_SlaveRecDataFromMaster), (8 bytes).
    Removing cw32f003_iwdt.o(.text), (0 bytes).
    Removing cw32f003_iwdt.o(.text.IWDT_DeInit), (24 bytes).
    Removing cw32f003_iwdt.o(.ARM.exidx.text.IWDT_DeInit), (8 bytes).
    Removing cw32f003_iwdt.o(.text.IWDT_Init), (104 bytes).
    Removing cw32f003_iwdt.o(.ARM.exidx.text.IWDT_Init), (8 bytes).
    Removing cw32f003_iwdt.o(.text.IWDT_Cmd), (16 bytes).
    Removing cw32f003_iwdt.o(.ARM.exidx.text.IWDT_Cmd), (8 bytes).
    Removing cw32f003_iwdt.o(.text.IWDT_Refresh), (16 bytes).
    Removing cw32f003_iwdt.o(.ARM.exidx.text.IWDT_Refresh), (8 bytes).
    Removing cw32f003_iwdt.o(.text.IWDT_Unlock), (16 bytes).
    Removing cw32f003_iwdt.o(.ARM.exidx.text.IWDT_Unlock), (8 bytes).
    Removing cw32f003_iwdt.o(.text.IWDT_Lock), (16 bytes).
    Removing cw32f003_iwdt.o(.ARM.exidx.text.IWDT_Lock), (8 bytes).
    Removing cw32f003_iwdt.o(.text.IWDT_Stop), (24 bytes).
    Removing cw32f003_iwdt.o(.ARM.exidx.text.IWDT_Stop), (8 bytes).
    Removing cw32f003_iwdt.o(.text.IWDT_SetPrescaler), (72 bytes).
    Removing cw32f003_iwdt.o(.ARM.exidx.text.IWDT_SetPrescaler), (8 bytes).
    Removing cw32f003_iwdt.o(.text.IWDT_SetWindowValue), (56 bytes).
    Removing cw32f003_iwdt.o(.ARM.exidx.text.IWDT_SetWindowValue), (8 bytes).
    Removing cw32f003_iwdt.o(.text.IWDT_SetReloadValue), (56 bytes).
    Removing cw32f003_iwdt.o(.ARM.exidx.text.IWDT_SetReloadValue), (8 bytes).
    Removing cw32f003_iwdt.o(.text.IWDT_ITConfig), (72 bytes).
    Removing cw32f003_iwdt.o(.ARM.exidx.text.IWDT_ITConfig), (8 bytes).
    Removing cw32f003_iwdt.o(.text.IWDT_GetFlagStatus), (16 bytes).
    Removing cw32f003_iwdt.o(.ARM.exidx.text.IWDT_GetFlagStatus), (8 bytes).
    Removing cw32f003_iwdt.o(.text.IWDT_ClearOVFlag), (16 bytes).
    Removing cw32f003_iwdt.o(.ARM.exidx.text.IWDT_ClearOVFlag), (8 bytes).
    Removing cw32f003_iwdt.o(.text.IWDT_GetCounterValue), (40 bytes).
    Removing cw32f003_iwdt.o(.ARM.exidx.text.IWDT_GetCounterValue), (8 bytes).
    Removing cw32f003_lvd.o(.text), (0 bytes).
    Removing cw32f003_lvd.o(.text.LVD_EnableNvic), (44 bytes).
    Removing cw32f003_lvd.o(.ARM.exidx.text.LVD_EnableNvic), (8 bytes).
    Removing cw32f003_lvd.o(.text.LVD_DisableNvic), (28 bytes).
    Removing cw32f003_lvd.o(.ARM.exidx.text.LVD_DisableNvic), (8 bytes).
    Removing cw32f003_lvd.o(.text.LVD_TrigConfig), (28 bytes).
    Removing cw32f003_lvd.o(.ARM.exidx.text.LVD_TrigConfig), (8 bytes).
    Removing cw32f003_lvd.o(.text.LVD_EnableIrq), (60 bytes).
    Removing cw32f003_lvd.o(.ARM.exidx.text.LVD_EnableIrq), (8 bytes).
    Removing cw32f003_lvd.o(.text.LVD_DisableIrq), (52 bytes).
    Removing cw32f003_lvd.o(.ARM.exidx.text.LVD_DisableIrq), (8 bytes).
    Removing cw32f003_lvd.o(.text.LVD_Init), (100 bytes).
    Removing cw32f003_lvd.o(.ARM.exidx.text.LVD_Init), (8 bytes).
    Removing cw32f003_lvd.o(.text.LVD_Disable), (16 bytes).
    Removing cw32f003_lvd.o(.ARM.exidx.text.LVD_Disable), (8 bytes).
    Removing cw32f003_lvd.o(.text.LVD_DeInit), (60 bytes).
    Removing cw32f003_lvd.o(.ARM.exidx.text.LVD_DeInit), (8 bytes).
    Removing cw32f003_lvd.o(.text.LVD_Enable), (16 bytes).
    Removing cw32f003_lvd.o(.ARM.exidx.text.LVD_Enable), (8 bytes).
    Removing cw32f003_lvd.o(.text.LVD_GetIrqStatus), (16 bytes).
    Removing cw32f003_lvd.o(.ARM.exidx.text.LVD_GetIrqStatus), (8 bytes).
    Removing cw32f003_lvd.o(.text.LVD_GetFlagStatus), (16 bytes).
    Removing cw32f003_lvd.o(.ARM.exidx.text.LVD_GetFlagStatus), (8 bytes).
    Removing cw32f003_lvd.o(.text.LVD_ClearIrq), (16 bytes).
    Removing cw32f003_lvd.o(.ARM.exidx.text.LVD_ClearIrq), (8 bytes).
    Removing cw32f003_lvd.o(.text.LVD_GetFilterResult), (16 bytes).
    Removing cw32f003_lvd.o(.ARM.exidx.text.LVD_GetFilterResult), (8 bytes).
    Removing cw32f003_pwr.o(.text), (0 bytes).
    Removing cw32f003_pwr.o(.text.PWR_Config), (28 bytes).
    Removing cw32f003_pwr.o(.ARM.exidx.text.PWR_Config), (8 bytes).
    Removing cw32f003_pwr.o(.text.PWR_GotoLpmMode), (4 bytes).
    Removing cw32f003_pwr.o(.ARM.exidx.text.PWR_GotoLpmMode), (8 bytes).
    Removing cw32f003_ram.o(.text), (0 bytes).
    Removing cw32f003_ram.o(.text.RAM_ITConfig), (28 bytes).
    Removing cw32f003_ram.o(.ARM.exidx.text.RAM_ITConfig), (8 bytes).
    Removing cw32f003_ram.o(.text.RAM_GetITStatus), (16 bytes).
    Removing cw32f003_ram.o(.ARM.exidx.text.RAM_GetITStatus), (8 bytes).
    Removing cw32f003_ram.o(.text.RAM_ClearITPendingBit), (16 bytes).
    Removing cw32f003_ram.o(.ARM.exidx.text.RAM_ClearITPendingBit), (8 bytes).
    Removing cw32f003_ram.o(.text.RAM_GetErrorAddress), (12 bytes).
    Removing cw32f003_ram.o(.ARM.exidx.text.RAM_GetErrorAddress), (8 bytes).
    Removing cw32f003_rcc.o(.text), (0 bytes).
    Removing cw32f003_rcc.o(.ARM.exidx.text.RCC_HCLKPRS_Config), (8 bytes).
    Removing cw32f003_rcc.o(.ARM.exidx.text.RCC_PCLKPRS_Config), (8 bytes).
    Removing cw32f003_rcc.o(.ARM.exidx.text.RCC_SYSCLKSRC_Config), (8 bytes).
    Removing cw32f003_rcc.o(.text.RCC_SystemCoreClockUpdate), (12 bytes).
    Removing cw32f003_rcc.o(.ARM.exidx.text.RCC_SystemCoreClockUpdate), (8 bytes).
    Removing cw32f003_rcc.o(.text.RCC_Sysctrl_GetHClkFreq), (76 bytes).
    Removing cw32f003_rcc.o(.ARM.exidx.text.RCC_Sysctrl_GetHClkFreq), (8 bytes).
    Removing cw32f003_rcc.o(.text.RCC_CCS_Config), (40 bytes).
    Removing cw32f003_rcc.o(.ARM.exidx.text.RCC_CCS_Config), (8 bytes).
    Removing cw32f003_rcc.o(.text.RCC_LSELOCK_Config), (24 bytes).
    Removing cw32f003_rcc.o(.ARM.exidx.text.RCC_LSELOCK_Config), (8 bytes).
    Removing cw32f003_rcc.o(.text.RCC_WAKEUPCLK_Config), (32 bytes).
    Removing cw32f003_rcc.o(.ARM.exidx.text.RCC_WAKEUPCLK_Config), (8 bytes).
    Removing cw32f003_rcc.o(.text.RCC_LOCKUP_Config), (32 bytes).
    Removing cw32f003_rcc.o(.ARM.exidx.text.RCC_LOCKUP_Config), (8 bytes).
    Removing cw32f003_rcc.o(.text.RCC_SWDIO_Config), (32 bytes).
    Removing cw32f003_rcc.o(.ARM.exidx.text.RCC_SWDIO_Config), (8 bytes).
    Removing cw32f003_rcc.o(.text.RCC_RSTIO_Config), (20 bytes).
    Removing cw32f003_rcc.o(.ARM.exidx.text.RCC_RSTIO_Config), (8 bytes).
    Removing cw32f003_rcc.o(.text.RCC_DeInit), (124 bytes).
    Removing cw32f003_rcc.o(.ARM.exidx.text.RCC_DeInit), (8 bytes).
    Removing cw32f003_rcc.o(.ARM.exidx.text.RCC_Sysctrl_GetPClkFreq), (8 bytes).
    Removing cw32f003_rcc.o(.ARM.exidx.text.RCC_HSI_Enable), (8 bytes).
    Removing cw32f003_rcc.o(.text.RCC_HSI_Disable), (28 bytes).
    Removing cw32f003_rcc.o(.ARM.exidx.text.RCC_HSI_Disable), (8 bytes).
    Removing cw32f003_rcc.o(.text.RCC_LSI_Enable), (72 bytes).
    Removing cw32f003_rcc.o(.ARM.exidx.text.RCC_LSI_Enable), (8 bytes).
    Removing cw32f003_rcc.o(.text.RCC_LSI_Disable), (28 bytes).
    Removing cw32f003_rcc.o(.ARM.exidx.text.RCC_LSI_Disable), (8 bytes).
    Removing cw32f003_rcc.o(.text.RCC_HEX_Enable), (124 bytes).
    Removing cw32f003_rcc.o(.ARM.exidx.text.RCC_HEX_Enable), (8 bytes).
    Removing cw32f003_rcc.o(.text.RCC_HEX_Disable), (28 bytes).
    Removing cw32f003_rcc.o(.ARM.exidx.text.RCC_HEX_Disable), (8 bytes).
    Removing cw32f003_rcc.o(.text.RCC_SysClk_Switch), (120 bytes).
    Removing cw32f003_rcc.o(.ARM.exidx.text.RCC_SysClk_Switch), (8 bytes).
    Removing cw32f003_rcc.o(.text.RCC_ITConfig), (40 bytes).
    Removing cw32f003_rcc.o(.ARM.exidx.text.RCC_ITConfig), (8 bytes).
    Removing cw32f003_rcc.o(.text.RCC_GetITStatus), (16 bytes).
    Removing cw32f003_rcc.o(.ARM.exidx.text.RCC_GetITStatus), (8 bytes).
    Removing cw32f003_rcc.o(.text.RCC_ClearITPendingBit), (16 bytes).
    Removing cw32f003_rcc.o(.ARM.exidx.text.RCC_ClearITPendingBit), (8 bytes).
    Removing cw32f003_rcc.o(.text.RCC_GetStableFlag), (16 bytes).
    Removing cw32f003_rcc.o(.ARM.exidx.text.RCC_GetStableFlag), (8 bytes).
    Removing cw32f003_rcc.o(.text.RCC_GetAllStableFlag), (12 bytes).
    Removing cw32f003_rcc.o(.ARM.exidx.text.RCC_GetAllStableFlag), (8 bytes).
    Removing cw32f003_rcc.o(.ARM.exidx.text.RCC_AHBPeriphClk_Enable), (8 bytes).
    Removing cw32f003_rcc.o(.ARM.exidx.text.RCC_APBPeriphClk_Enable1), (8 bytes).
    Removing cw32f003_rcc.o(.ARM.exidx.text.RCC_APBPeriphClk_Enable2), (8 bytes).
    Removing cw32f003_rcc.o(.text.RCC_AHBPeriphReset), (28 bytes).
    Removing cw32f003_rcc.o(.ARM.exidx.text.RCC_AHBPeriphReset), (8 bytes).
    Removing cw32f003_rcc.o(.text.RCC_APBPeriphReset1), (28 bytes).
    Removing cw32f003_rcc.o(.ARM.exidx.text.RCC_APBPeriphReset1), (8 bytes).
    Removing cw32f003_rcc.o(.text.RCC_APBPeriphReset2), (28 bytes).
    Removing cw32f003_rcc.o(.ARM.exidx.text.RCC_APBPeriphReset2), (8 bytes).
    Removing cw32f003_rcc.o(.text.RCC_GetRstFlag), (16 bytes).
    Removing cw32f003_rcc.o(.ARM.exidx.text.RCC_GetRstFlag), (8 bytes).
    Removing cw32f003_rcc.o(.text.RCC_GetAllRstFlag), (12 bytes).
    Removing cw32f003_rcc.o(.ARM.exidx.text.RCC_GetAllRstFlag), (8 bytes).
    Removing cw32f003_rcc.o(.text.RCC_ClearRstFlag), (16 bytes).
    Removing cw32f003_rcc.o(.ARM.exidx.text.RCC_ClearRstFlag), (8 bytes).
    Removing cw32f003_rcc.o(.text.RCC_HCLK_OUT), (48 bytes).
    Removing cw32f003_rcc.o(.ARM.exidx.text.RCC_HCLK_OUT), (8 bytes).
    Removing cw32f003_rcc.o(.text.RCC_PCLK_OUT), (56 bytes).
    Removing cw32f003_rcc.o(.ARM.exidx.text.RCC_PCLK_OUT), (8 bytes).
    Removing cw32f003_rcc.o(.text.RCC_MCO_OUT), (52 bytes).
    Removing cw32f003_rcc.o(.ARM.exidx.text.RCC_MCO_OUT), (8 bytes).
    Removing cw32f003_rcc.o(.text.RCC_DEBUG_Config), (28 bytes).
    Removing cw32f003_rcc.o(.ARM.exidx.text.RCC_DEBUG_Config), (8 bytes).
    Removing cw32f003_rcc.o(.text.RCC_BTIM3ITRSelect), (24 bytes).
    Removing cw32f003_rcc.o(.ARM.exidx.text.RCC_BTIM3ITRSelect), (8 bytes).
    Removing cw32f003_rcc.o(.text.RCC_BTIM2ITRSelect), (24 bytes).
    Removing cw32f003_rcc.o(.ARM.exidx.text.RCC_BTIM2ITRSelect), (8 bytes).
    Removing cw32f003_rcc.o(.text.RCC_BTIM1ITRSelect), (24 bytes).
    Removing cw32f003_rcc.o(.ARM.exidx.text.RCC_BTIM1ITRSelect), (8 bytes).
    Removing cw32f003_rcc.o(.text.RCC_GTIMITRSelect), (24 bytes).
    Removing cw32f003_rcc.o(.ARM.exidx.text.RCC_GTIMITRSelect), (8 bytes).
    Removing cw32f003_rcc.o(.text.RCC_ATIMITRSelect), (20 bytes).
    Removing cw32f003_rcc.o(.ARM.exidx.text.RCC_ATIMITRSelect), (8 bytes).
    Removing cw32f003_spi.o(.text), (0 bytes).
    Removing cw32f003_spi.o(.text.SPI_SendData), (12 bytes).
    Removing cw32f003_spi.o(.ARM.exidx.text.SPI_SendData), (8 bytes).
    Removing cw32f003_spi.o(.text.SPI_ReceiveData), (12 bytes).
    Removing cw32f003_spi.o(.ARM.exidx.text.SPI_ReceiveData), (8 bytes).
    Removing cw32f003_spi.o(.text.SPI_Init), (60 bytes).
    Removing cw32f003_spi.o(.ARM.exidx.text.SPI_Init), (8 bytes).
    Removing cw32f003_spi.o(.text.SPI_StructInit), (26 bytes).
    Removing cw32f003_spi.o(.ARM.exidx.text.SPI_StructInit), (8 bytes).
    Removing cw32f003_spi.o(.text.SPI_DeInit), (24 bytes).
    Removing cw32f003_spi.o(.ARM.exidx.text.SPI_DeInit), (8 bytes).
    Removing cw32f003_spi.o(.text.SPI_Cmd), (24 bytes).
    Removing cw32f003_spi.o(.ARM.exidx.text.SPI_Cmd), (8 bytes).
    Removing cw32f003_spi.o(.text.SPI_ITConfig), (28 bytes).
    Removing cw32f003_spi.o(.ARM.exidx.text.SPI_ITConfig), (8 bytes).
    Removing cw32f003_spi.o(.text.SPI_GetITStatus), (16 bytes).
    Removing cw32f003_spi.o(.ARM.exidx.text.SPI_GetITStatus), (8 bytes).
    Removing cw32f003_spi.o(.text.SPI_ClearITPendingBit), (16 bytes).
    Removing cw32f003_spi.o(.ARM.exidx.text.SPI_ClearITPendingBit), (8 bytes).
    Removing cw32f003_spi.o(.text.SPI_GetFlagStatus), (16 bytes).
    Removing cw32f003_spi.o(.ARM.exidx.text.SPI_GetFlagStatus), (8 bytes).
    Removing cw32f003_spi.o(.text.SPI_ClearFlag), (16 bytes).
    Removing cw32f003_spi.o(.ARM.exidx.text.SPI_ClearFlag), (8 bytes).
    Removing cw32f003_spi.o(.text.SPI_BiDirectionalLineConfig), (12 bytes).
    Removing cw32f003_spi.o(.ARM.exidx.text.SPI_BiDirectionalLineConfig), (8 bytes).
    Removing cw32f003_spi.o(.text.SPI_NSSInternalSoftwareConfig), (12 bytes).
    Removing cw32f003_spi.o(.ARM.exidx.text.SPI_NSSInternalSoftwareConfig), (8 bytes).
    Removing cw32f003_spi.o(.text.SPI_DataSizeConfig), (20 bytes).
    Removing cw32f003_spi.o(.ARM.exidx.text.SPI_DataSizeConfig), (8 bytes).
    Removing cw32f003_spi.o(.text.SPI_MISOOutputConfig), (24 bytes).
    Removing cw32f003_spi.o(.ARM.exidx.text.SPI_MISOOutputConfig), (8 bytes).
    Removing cw32f003_spi.o(.text.SPI_FlushSendBuff), (16 bytes).
    Removing cw32f003_spi.o(.ARM.exidx.text.SPI_FlushSendBuff), (8 bytes).
    Removing cw32f003_systick.o(.text), (0 bytes).
    Removing cw32f003_systick.o(.ARM.exidx.text.InitTick), (8 bytes).
    Removing cw32f003_systick.o(.ARM.exidx.text.GetTick), (8 bytes).
    Removing cw32f003_systick.o(.ARM.exidx.text.SysTickDelay), (8 bytes).
    Removing cw32f003_systick.o(.text.SuspendTick), (16 bytes).
    Removing cw32f003_systick.o(.ARM.exidx.text.SuspendTick), (8 bytes).
    Removing cw32f003_systick.o(.text.ResumeTick), (16 bytes).
    Removing cw32f003_systick.o(.ARM.exidx.text.ResumeTick), (8 bytes).
    Removing cw32f003_systick.o(.ARM.exidx.text.SysTick_Handler), (8 bytes).
    Removing cw32f003_uart.o(.text), (0 bytes).
    Removing cw32f003_uart.o(.text.USART_SendData), (12 bytes).
    Removing cw32f003_uart.o(.ARM.exidx.text.USART_SendData), (8 bytes).
    Removing cw32f003_uart.o(.ARM.exidx.text.USART_SendData_8bit), (8 bytes).
    Removing cw32f003_uart.o(.text.USART_ReceiveData), (12 bytes).
    Removing cw32f003_uart.o(.ARM.exidx.text.USART_ReceiveData), (8 bytes).
    Removing cw32f003_uart.o(.ARM.exidx.text.USART_ReceiveData_8bit), (8 bytes).
    Removing cw32f003_uart.o(.ARM.exidx.text.USART_Init), (8 bytes).
    Removing cw32f003_uart.o(.text.USART_StructInit), (22 bytes).
    Removing cw32f003_uart.o(.ARM.exidx.text.USART_StructInit), (8 bytes).
    Removing cw32f003_uart.o(.text.USART_ClockInit), (28 bytes).
    Removing cw32f003_uart.o(.ARM.exidx.text.USART_ClockInit), (8 bytes).
    Removing cw32f003_uart.o(.text.USART_ClockStructInit), (8 bytes).
    Removing cw32f003_uart.o(.ARM.exidx.text.USART_ClockStructInit), (8 bytes).
    Removing cw32f003_uart.o(.text.UART1_DeInit), (24 bytes).
    Removing cw32f003_uart.o(.ARM.exidx.text.UART1_DeInit), (8 bytes).
    Removing cw32f003_uart.o(.text.UART2_DeInit), (24 bytes).
    Removing cw32f003_uart.o(.ARM.exidx.text.UART2_DeInit), (8 bytes).
    Removing cw32f003_uart.o(.ARM.exidx.text.USART_ITConfig), (8 bytes).
    Removing cw32f003_uart.o(.ARM.exidx.text.USART_GetITStatus), (8 bytes).
    Removing cw32f003_uart.o(.ARM.exidx.text.USART_ClearITPendingBit), (8 bytes).
    Removing cw32f003_uart.o(.ARM.exidx.text.USART_GetFlagStatus), (8 bytes).
    Removing cw32f003_uart.o(.text.USART_ClearFlag), (8 bytes).
    Removing cw32f003_uart.o(.ARM.exidx.text.USART_ClearFlag), (8 bytes).
    Removing cw32f003_uart.o(.text.USART_DirectionModeCmd), (28 bytes).
    Removing cw32f003_uart.o(.ARM.exidx.text.USART_DirectionModeCmd), (8 bytes).
    Removing cw32f003_uart.o(.text.USART_InvPinCmd), (28 bytes).
    Removing cw32f003_uart.o(.ARM.exidx.text.USART_InvPinCmd), (8 bytes).
    Removing cw32f003_uart.o(.text.USART_HalfDuplexCmd), (16 bytes).
    Removing cw32f003_uart.o(.ARM.exidx.text.USART_HalfDuplexCmd), (8 bytes).
    Removing cw32f003_uart.o(.text.USART_SetMultiMode), (32 bytes).
    Removing cw32f003_uart.o(.ARM.exidx.text.USART_SetMultiMode), (8 bytes).
    Removing cw32f003_vc.o(.text), (0 bytes).
    Removing cw32f003_vc.o(.text.VC_EnableNvic), (84 bytes).
    Removing cw32f003_vc.o(.ARM.exidx.text.VC_EnableNvic), (8 bytes).
    Removing cw32f003_vc.o(.text.VC1_EnableIrq), (64 bytes).
    Removing cw32f003_vc.o(.ARM.exidx.text.VC1_EnableIrq), (8 bytes).
    Removing cw32f003_vc.o(.text.VC2_EnableIrq), (60 bytes).
    Removing cw32f003_vc.o(.ARM.exidx.text.VC2_EnableIrq), (8 bytes).
    Removing cw32f003_vc.o(.text.VC1_DisableIrq), (44 bytes).
    Removing cw32f003_vc.o(.ARM.exidx.text.VC1_DisableIrq), (8 bytes).
    Removing cw32f003_vc.o(.text.VC_DisableNvic), (40 bytes).
    Removing cw32f003_vc.o(.ARM.exidx.text.VC_DisableNvic), (8 bytes).
    Removing cw32f003_vc.o(.text.VC2_DisableIrq), (44 bytes).
    Removing cw32f003_vc.o(.ARM.exidx.text.VC2_DisableIrq), (8 bytes).
    Removing cw32f003_vc.o(.text.VC1_GetFlagStatus), (16 bytes).
    Removing cw32f003_vc.o(.ARM.exidx.text.VC1_GetFlagStatus), (8 bytes).
    Removing cw32f003_vc.o(.text.VC2_GetFlagStatus), (16 bytes).
    Removing cw32f003_vc.o(.ARM.exidx.text.VC2_GetFlagStatus), (8 bytes).
    Removing cw32f003_vc.o(.text.VC1_ClearIrq), (16 bytes).
    Removing cw32f003_vc.o(.ARM.exidx.text.VC1_ClearIrq), (8 bytes).
    Removing cw32f003_vc.o(.text.VC2_ClearIrq), (16 bytes).
    Removing cw32f003_vc.o(.ARM.exidx.text.VC2_ClearIrq), (8 bytes).
    Removing cw32f003_vc.o(.text.VC1VC2_DIVInit), (72 bytes).
    Removing cw32f003_vc.o(.ARM.exidx.text.VC1VC2_DIVInit), (8 bytes).
    Removing cw32f003_vc.o(.text.VC1VC2_DIVDeInit), (16 bytes).
    Removing cw32f003_vc.o(.ARM.exidx.text.VC1VC2_DIVDeInit), (8 bytes).
    Removing cw32f003_vc.o(.text.VC1VC2_INNInit), (96 bytes).
    Removing cw32f003_vc.o(.ARM.exidx.text.VC1VC2_INNInit), (8 bytes).
    Removing cw32f003_vc.o(.text.VC1_ChannelInit), (160 bytes).
    Removing cw32f003_vc.o(.ARM.exidx.text.VC1_ChannelInit), (8 bytes).
    Removing cw32f003_vc.o(.text.VC2_ChannelInit), (160 bytes).
    Removing cw32f003_vc.o(.ARM.exidx.text.VC2_ChannelInit), (8 bytes).
    Removing cw32f003_vc.o(.text.VC_DeInit), (84 bytes).
    Removing cw32f003_vc.o(.ARM.exidx.text.VC_DeInit), (8 bytes).
    Removing cw32f003_vc.o(.text.VC1_ChannelDeInit), (44 bytes).
    Removing cw32f003_vc.o(.ARM.exidx.text.VC1_ChannelDeInit), (8 bytes).
    Removing cw32f003_vc.o(.text.VC2_ChannelDeInit), (44 bytes).
    Removing cw32f003_vc.o(.ARM.exidx.text.VC2_ChannelDeInit), (8 bytes).
    Removing cw32f003_vc.o(.text.VC1_EnableChannel), (44 bytes).
    Removing cw32f003_vc.o(.ARM.exidx.text.VC1_EnableChannel), (8 bytes).
    Removing cw32f003_vc.o(.text.VC2_EnableChannel), (44 bytes).
    Removing cw32f003_vc.o(.ARM.exidx.text.VC2_EnableChannel), (8 bytes).
    Removing cw32f003_vc.o(.text.VC1_DisableChannel), (16 bytes).
    Removing cw32f003_vc.o(.ARM.exidx.text.VC1_DisableChannel), (8 bytes).
    Removing cw32f003_vc.o(.text.VC2_DisableChannel), (16 bytes).
    Removing cw32f003_vc.o(.ARM.exidx.text.VC2_DisableChannel), (8 bytes).
    Removing cw32f003_vc.o(.text.VC1_EnableFilter), (16 bytes).
    Removing cw32f003_vc.o(.ARM.exidx.text.VC1_EnableFilter), (8 bytes).
    Removing cw32f003_vc.o(.text.VC2_EnableFilter), (16 bytes).
    Removing cw32f003_vc.o(.ARM.exidx.text.VC2_EnableFilter), (8 bytes).
    Removing cw32f003_vc.o(.text.VC1_DisableFilter), (16 bytes).
    Removing cw32f003_vc.o(.ARM.exidx.text.VC1_DisableFilter), (8 bytes).
    Removing cw32f003_vc.o(.text.VC2_DisableFilter), (16 bytes).
    Removing cw32f003_vc.o(.ARM.exidx.text.VC2_DisableFilter), (8 bytes).
    Removing cw32f003_vc.o(.text.VC1VC2_OutInit), (8 bytes).
    Removing cw32f003_vc.o(.ARM.exidx.text.VC1VC2_OutInit), (8 bytes).
    Removing cw32f003_vc.o(.text.VC1_OutputCfg), (28 bytes).
    Removing cw32f003_vc.o(.ARM.exidx.text.VC1_OutputCfg), (8 bytes).
    Removing cw32f003_vc.o(.text.VC2_OutputCfg), (28 bytes).
    Removing cw32f003_vc.o(.ARM.exidx.text.VC2_OutputCfg), (8 bytes).
    Removing cw32f003_vc.o(.text.VC1VC2_BlankInit), (12 bytes).
    Removing cw32f003_vc.o(.ARM.exidx.text.VC1VC2_BlankInit), (8 bytes).
    Removing cw32f003_vc.o(.text.VC1_BlankCfg), (32 bytes).
    Removing cw32f003_vc.o(.ARM.exidx.text.VC1_BlankCfg), (8 bytes).
    Removing cw32f003_vc.o(.text.VC2_BlankCfg), (32 bytes).
    Removing cw32f003_vc.o(.ARM.exidx.text.VC2_BlankCfg), (8 bytes).
    Removing cw32f003_vc.o(.text.VC1_WindowEnable), (24 bytes).
    Removing cw32f003_vc.o(.ARM.exidx.text.VC1_WindowEnable), (8 bytes).
    Removing cw32f003_vc.o(.text.VC2_WindowEnable), (24 bytes).
    Removing cw32f003_vc.o(.ARM.exidx.text.VC2_WindowEnable), (8 bytes).
    Removing cw32f003_vc.o(.text.VC1_PolarityCfg), (24 bytes).
    Removing cw32f003_vc.o(.ARM.exidx.text.VC1_PolarityCfg), (8 bytes).
    Removing cw32f003_vc.o(.text.VC2_PolarityCfg), (24 bytes).
    Removing cw32f003_vc.o(.ARM.exidx.text.VC2_PolarityCfg), (8 bytes).
    Removing cw32f003_vc.o(.text.VC1_ITConfig), (28 bytes).
    Removing cw32f003_vc.o(.ARM.exidx.text.VC1_ITConfig), (8 bytes).
    Removing cw32f003_vc.o(.text.VC2_ITConfig), (28 bytes).
    Removing cw32f003_vc.o(.ARM.exidx.text.VC2_ITConfig), (8 bytes).
    Removing cw32f003_vc.o(.text.VC1_GetEnableStatus), (16 bytes).
    Removing cw32f003_vc.o(.ARM.exidx.text.VC1_GetEnableStatus), (8 bytes).
    Removing cw32f003_vc.o(.text.VC2_GetEnableStatus), (16 bytes).
    Removing cw32f003_vc.o(.ARM.exidx.text.VC2_GetEnableStatus), (8 bytes).
    Removing cw32f003_wwdt.o(.text), (0 bytes).
    Removing cw32f003_wwdt.o(.text.WWDT_DeInit), (24 bytes).
    Removing cw32f003_wwdt.o(.ARM.exidx.text.WWDT_DeInit), (8 bytes).
    Removing cw32f003_wwdt.o(.text.WWDT_Init), (56 bytes).
    Removing cw32f003_wwdt.o(.ARM.exidx.text.WWDT_Init), (8 bytes).
    Removing cw32f003_wwdt.o(.text.WWDT_Cmd), (16 bytes).
    Removing cw32f003_wwdt.o(.ARM.exidx.text.WWDT_Cmd), (8 bytes).
    Removing cw32f003_wwdt.o(.text.WWDT_Refresh), (20 bytes).
    Removing cw32f003_wwdt.o(.ARM.exidx.text.WWDT_Refresh), (8 bytes).
    Removing cw32f003_wwdt.o(.text.WWDT_SetPrescaler), (20 bytes).
    Removing cw32f003_wwdt.o(.ARM.exidx.text.WWDT_SetPrescaler), (8 bytes).
    Removing cw32f003_wwdt.o(.text.WWDT_SetWindowValue), (20 bytes).
    Removing cw32f003_wwdt.o(.ARM.exidx.text.WWDT_SetWindowValue), (8 bytes).
    Removing cw32f003_wwdt.o(.text.WWDT_GetCounterValue), (16 bytes).
    Removing cw32f003_wwdt.o(.ARM.exidx.text.WWDT_GetCounterValue), (8 bytes).
    Removing cw32f003_wwdt.o(.text.WWDT_GetWindowValue), (16 bytes).
    Removing cw32f003_wwdt.o(.ARM.exidx.text.WWDT_GetWindowValue), (8 bytes).
    Removing cw32f003_wwdt.o(.text.WWDT_EnableIT), (20 bytes).
    Removing cw32f003_wwdt.o(.ARM.exidx.text.WWDT_EnableIT), (8 bytes).
    Removing cw32f003_wwdt.o(.text.WWDT_GetFlagStatus), (12 bytes).
    Removing cw32f003_wwdt.o(.ARM.exidx.text.WWDT_GetFlagStatus), (8 bytes).
    Removing cw32f003_wwdt.o(.text.WWDT_ClearFlag), (16 bytes).
    Removing cw32f003_wwdt.o(.ARM.exidx.text.WWDT_ClearFlag), (8 bytes).
    Removing cw32f003_atim.o(.text), (0 bytes).
    Removing cw32f003_atim.o(.text.ATIM_DeInit), (24 bytes).
    Removing cw32f003_atim.o(.ARM.exidx.text.ATIM_DeInit), (8 bytes).
    Removing cw32f003_atim.o(.text.ATIM_Init), (88 bytes).
    Removing cw32f003_atim.o(.ARM.exidx.text.ATIM_Init), (8 bytes).
    Removing cw32f003_atim.o(.text.ATIM_Cmd), (20 bytes).
    Removing cw32f003_atim.o(.ARM.exidx.text.ATIM_Cmd), (8 bytes).
    Removing cw32f003_atim.o(.text.ATIM_ITConfig), (28 bytes).
    Removing cw32f003_atim.o(.ARM.exidx.text.ATIM_ITConfig), (8 bytes).
    Removing cw32f003_atim.o(.text.ATIM_GetITStatus), (16 bytes).
    Removing cw32f003_atim.o(.ARM.exidx.text.ATIM_GetITStatus), (8 bytes).
    Removing cw32f003_atim.o(.text.ATIM_ClearITPendingBit), (12 bytes).
    Removing cw32f003_atim.o(.ARM.exidx.text.ATIM_ClearITPendingBit), (8 bytes).
    Removing cw32f003_atim.o(.text.ATIM_SetReloadValue), (12 bytes).
    Removing cw32f003_atim.o(.ARM.exidx.text.ATIM_SetReloadValue), (8 bytes).
    Removing cw32f003_atim.o(.text.ATIM_CH1Config), (28 bytes).
    Removing cw32f003_atim.o(.ARM.exidx.text.ATIM_CH1Config), (8 bytes).
    Removing cw32f003_atim.o(.text.ATIM_CH2Config), (28 bytes).
    Removing cw32f003_atim.o(.ARM.exidx.text.ATIM_CH2Config), (8 bytes).
    Removing cw32f003_atim.o(.text.ATIM_CH3Config), (28 bytes).
    Removing cw32f003_atim.o(.ARM.exidx.text.ATIM_CH3Config), (8 bytes).
    Removing cw32f003_atim.o(.text.ATIM_CH4Config), (28 bytes).
    Removing cw32f003_atim.o(.ARM.exidx.text.ATIM_CH4Config), (8 bytes).
    Removing cw32f003_atim.o(.text.ATIM_IC1AInit), (40 bytes).
    Removing cw32f003_atim.o(.ARM.exidx.text.ATIM_IC1AInit), (8 bytes).
    Removing cw32f003_atim.o(.text.ATIM_IC1BInit), (44 bytes).
    Removing cw32f003_atim.o(.ARM.exidx.text.ATIM_IC1BInit), (8 bytes).
    Removing cw32f003_atim.o(.text.ATIM_IC2AInit), (44 bytes).
    Removing cw32f003_atim.o(.ARM.exidx.text.ATIM_IC2AInit), (8 bytes).
    Removing cw32f003_atim.o(.text.ATIM_IC2BInit), (44 bytes).
    Removing cw32f003_atim.o(.ARM.exidx.text.ATIM_IC2BInit), (8 bytes).
    Removing cw32f003_atim.o(.text.ATIM_IC3AInit), (44 bytes).
    Removing cw32f003_atim.o(.ARM.exidx.text.ATIM_IC3AInit), (8 bytes).
    Removing cw32f003_atim.o(.text.ATIM_IC3BInit), (44 bytes).
    Removing cw32f003_atim.o(.ARM.exidx.text.ATIM_IC3BInit), (8 bytes).
    Removing cw32f003_atim.o(.text.ATIM_OC1AInit), (76 bytes).
    Removing cw32f003_atim.o(.ARM.exidx.text.ATIM_OC1AInit), (8 bytes).
    Removing cw32f003_atim.o(.text.ATIM_OC1BInit), (68 bytes).
    Removing cw32f003_atim.o(.ARM.exidx.text.ATIM_OC1BInit), (8 bytes).
    Removing cw32f003_atim.o(.text.ATIM_OC2AInit), (80 bytes).
    Removing cw32f003_atim.o(.ARM.exidx.text.ATIM_OC2AInit), (8 bytes).
    Removing cw32f003_atim.o(.text.ATIM_OC2BInit), (68 bytes).
    Removing cw32f003_atim.o(.ARM.exidx.text.ATIM_OC2BInit), (8 bytes).
    Removing cw32f003_atim.o(.text.ATIM_OC3AInit), (80 bytes).
    Removing cw32f003_atim.o(.ARM.exidx.text.ATIM_OC3AInit), (8 bytes).
    Removing cw32f003_atim.o(.text.ATIM_OC3BInit), (68 bytes).
    Removing cw32f003_atim.o(.ARM.exidx.text.ATIM_OC3BInit), (8 bytes).
    Removing cw32f003_atim.o(.text.ATIM_OC4Init), (36 bytes).
    Removing cw32f003_atim.o(.ARM.exidx.text.ATIM_OC4Init), (8 bytes).
    Removing cw32f003_atim.o(.text.ATIM_PWMOutputConfig), (64 bytes).
    Removing cw32f003_atim.o(.ARM.exidx.text.ATIM_PWMOutputConfig), (8 bytes).
    Removing cw32f003_atim.o(.text.ATIM_CtrlPWMOutputs), (24 bytes).
    Removing cw32f003_atim.o(.ARM.exidx.text.ATIM_CtrlPWMOutputs), (8 bytes).
    Removing cw32f003_atim.o(.text.ATIM_ETRSelect), (12 bytes).
    Removing cw32f003_atim.o(.ARM.exidx.text.ATIM_ETRSelect), (8 bytes).
    Removing cw32f003_atim.o(.text.ATIM_ETRConfig), (24 bytes).
    Removing cw32f003_atim.o(.ARM.exidx.text.ATIM_ETRConfig), (8 bytes).
    Removing cw32f003_atim.o(.text.ATIM_BrakeConfig), (24 bytes).
    Removing cw32f003_atim.o(.ARM.exidx.text.ATIM_BrakeConfig), (8 bytes).
    Removing cw32f003_atim.o(.text.ATIM_ADCTriggerConfig), (32 bytes).
    Removing cw32f003_atim.o(.ARM.exidx.text.ATIM_ADCTriggerConfig), (8 bytes).
    Removing cw32f003_atim.o(.text.ATIM_GetCapture1A), (12 bytes).
    Removing cw32f003_atim.o(.ARM.exidx.text.ATIM_GetCapture1A), (8 bytes).
    Removing cw32f003_atim.o(.text.ATIM_GetCapture2A), (12 bytes).
    Removing cw32f003_atim.o(.ARM.exidx.text.ATIM_GetCapture2A), (8 bytes).
    Removing cw32f003_atim.o(.text.ATIM_GetCapture3A), (12 bytes).
    Removing cw32f003_atim.o(.ARM.exidx.text.ATIM_GetCapture3A), (8 bytes).
    Removing cw32f003_atim.o(.text.ATIM_GetCapture1B), (12 bytes).
    Removing cw32f003_atim.o(.ARM.exidx.text.ATIM_GetCapture1B), (8 bytes).
    Removing cw32f003_atim.o(.text.ATIM_GetCapture2B), (12 bytes).
    Removing cw32f003_atim.o(.ARM.exidx.text.ATIM_GetCapture2B), (8 bytes).
    Removing cw32f003_atim.o(.text.ATIM_GetCapture3B), (12 bytes).
    Removing cw32f003_atim.o(.ARM.exidx.text.ATIM_GetCapture3B), (8 bytes).
    Removing cw32f003_atim.o(.text.ATIM_SetCompare1A), (12 bytes).
    Removing cw32f003_atim.o(.ARM.exidx.text.ATIM_SetCompare1A), (8 bytes).
    Removing cw32f003_atim.o(.text.ATIM_SetCompare2A), (12 bytes).
    Removing cw32f003_atim.o(.ARM.exidx.text.ATIM_SetCompare2A), (8 bytes).
    Removing cw32f003_atim.o(.text.ATIM_SetCompare3A), (12 bytes).
    Removing cw32f003_atim.o(.ARM.exidx.text.ATIM_SetCompare3A), (8 bytes).
    Removing cw32f003_atim.o(.text.ATIM_SetCompare1B), (12 bytes).
    Removing cw32f003_atim.o(.ARM.exidx.text.ATIM_SetCompare1B), (8 bytes).
    Removing cw32f003_atim.o(.text.ATIM_SetCompare2B), (12 bytes).
    Removing cw32f003_atim.o(.ARM.exidx.text.ATIM_SetCompare2B), (8 bytes).
    Removing cw32f003_atim.o(.text.ATIM_SetCompare3B), (12 bytes).
    Removing cw32f003_atim.o(.ARM.exidx.text.ATIM_SetCompare3B), (8 bytes).
    Removing cw32f003_atim.o(.text.ATIM_SetCompare4), (12 bytes).
    Removing cw32f003_atim.o(.ARM.exidx.text.ATIM_SetCompare4), (8 bytes).
    Removing cw32f003_atim.o(.text.ATIM_MasterModeConfig), (20 bytes).
    Removing cw32f003_atim.o(.ARM.exidx.text.ATIM_MasterModeConfig), (8 bytes).
    Removing cw32f003_atim.o(.text.ATIM_SlaverModeConfig), (24 bytes).
    Removing cw32f003_atim.o(.ARM.exidx.text.ATIM_SlaverModeConfig), (8 bytes).
    Removing cw32f003_atim.o(.text.ATIM_TriggerSelect), (24 bytes).
    Removing cw32f003_atim.o(.ARM.exidx.text.ATIM_TriggerSelect), (8 bytes).
    Removing cw32f003_atim.o(.text.ATIM_UpdateEventSelect), (24 bytes).
    Removing cw32f003_atim.o(.ARM.exidx.text.ATIM_UpdateEventSelect), (8 bytes).
    Removing cw32f003_atim.o(.text.ATIM_ITRSelect), (20 bytes).
    Removing cw32f003_atim.o(.ARM.exidx.text.ATIM_ITRSelect), (8 bytes).
    Removing uart1.o(.text), (0 bytes).
    Removing uart1.o(.text.GPIO_Configuration), (84 bytes).
    Removing uart1.o(.ARM.exidx.text.GPIO_Configuration), (8 bytes).
    Removing uart1.o(.text.UART_Configuration), (48 bytes).
    Removing uart1.o(.ARM.exidx.text.UART_Configuration), (8 bytes).
    Removing uart1.o(.ARM.exidx.text.UART1_init), (8 bytes).
    Removing uart1.o(.text.UART1_SendString), (56 bytes).
    Removing uart1.o(.ARM.exidx.text.UART1_SendString), (8 bytes).
    Removing uart1.o(.text.UART1_SendDataArray), (54 bytes).
    Removing uart1.o(.ARM.exidx.text.UART1_SendDataArray), (8 bytes).
    Removing uart1.o(.ARM.exidx.text.fputc), (8 bytes).
    Removing i2c.o(.text), (0 bytes).
    Removing i2c.o(.ARM.exidx.text.I2C_init), (8 bytes).
    Removing i2c.o(.ARM.exidx.text.I2C_write), (8 bytes).
    Removing i2c.o(.ARM.exidx.text.send), (8 bytes).
    Removing i2c.o(.text.I2C_write2), (268 bytes).
    Removing i2c.o(.ARM.exidx.text.I2C_write2), (8 bytes).
    Removing i2c.o(.ARM.exidx.text.I2C_read), (8 bytes).
    Removing i2c.o(.ARM.exidx.text.wait_ack), (8 bytes).
    Removing tools.o(.text), (0 bytes).
    Removing tools.o(.ARM.exidx.text.Mean_Value_Filter), (8 bytes).
    Removing adc_collector.o(.text), (0 bytes).
    Removing adc_collector.o(.text.ADC_Collector_init), (148 bytes).
    Removing adc_collector.o(.ARM.exidx.text.ADC_Collector_init), (8 bytes).
    Removing adc_collector.o(.ARM.exidx.text.ADC_Collector_get), (8 bytes).
    Removing adc_collector.o(.text.ADC_Collector_get_voltage), (36 bytes).
    Removing adc_collector.o(.ARM.exidx.text.ADC_Collector_get_voltage), (8 bytes).
    Removing adc_collector.o(.text.ADC_Collector_get_current), (44 bytes).
    Removing adc_collector.o(.ARM.exidx.text.ADC_Collector_get_current), (8 bytes).
    Removing adc_collector.o(.bss.Volt_ADC_Value), (2 bytes).
    Removing bluetooth.o(.text), (0 bytes).
    Removing bluetooth.o(.ARM.exidx.text.Bluetooth_init), (8 bytes).
    Removing bluetooth.o(.ARM.exidx.text.Bluetooth_send_string), (8 bytes).
    Removing bluetooth.o(.text.Bluetooth_send_data), (64 bytes).
    Removing bluetooth.o(.ARM.exidx.text.Bluetooth_send_data), (8 bytes).
    Removing servo.o(.text), (0 bytes).
    Removing servo.o(.text.Servo_motor_config), (76 bytes).
    Removing servo.o(.ARM.exidx.text.Servo_motor_config), (8 bytes).
    Removing servo.o(.ARM.exidx.text.Servo_init), (8 bytes).
    Removing servo.o(.ARM.exidx.text.Servo_set_angle), (8 bytes).
    Removing servo.o(.ARM.exidx.text.Servo_get_angle), (8 bytes).
    Removing keys.o(.text), (0 bytes).
    Removing keys.o(.ARM.exidx.text.Keys_init), (8 bytes).
    Removing keys.o(.ARM.exidx.text.Keys_scan), (8 bytes).
    Removing vl53l0x.o(.text), (0 bytes).
    Removing vl53l0x.o(.text.setTimeout), (12 bytes).
    Removing vl53l0x.o(.ARM.exidx.text.setTimeout), (8 bytes).
    Removing vl53l0x.o(.text.getTimeout), (12 bytes).
    Removing vl53l0x.o(.ARM.exidx.text.getTimeout), (8 bytes).
    Removing vl53l0x.o(.text.writeRegList), (44 bytes).
    Removing vl53l0x.o(.ARM.exidx.text.writeRegList), (8 bytes).
    Removing vl53l0x.o(.text.writeReg), (24 bytes).
    Removing vl53l0x.o(.ARM.exidx.text.writeReg), (8 bytes).
    Removing vl53l0x.o(.ARM.exidx.text.VL53L0X_init), (8 bytes).
    Removing vl53l0x.o(.text.readReg), (24 bytes).
    Removing vl53l0x.o(.ARM.exidx.text.readReg), (8 bytes).
    Removing vl53l0x.o(.text.setSignalRateLimit), (88 bytes).
    Removing vl53l0x.o(.ARM.exidx.text.setSignalRateLimit), (8 bytes).
    Removing vl53l0x.o(.ARM.exidx.text.getSpadInfo), (8 bytes).
    Removing vl53l0x.o(.text.readMulti), (16 bytes).
    Removing vl53l0x.o(.ARM.exidx.text.readMulti), (8 bytes).
    Removing vl53l0x.o(.text.writeMulti), (24 bytes).
    Removing vl53l0x.o(.ARM.exidx.text.writeMulti), (8 bytes).
    Removing vl53l0x.o(.ARM.exidx.text.setMeasurementTimingBudget), (8 bytes).
    Removing vl53l0x.o(.ARM.exidx.text.performSingleRefCalibration), (8 bytes).
    Removing vl53l0x.o(.text.writeReg16Bit), (28 bytes).
    Removing vl53l0x.o(.ARM.exidx.text.writeReg16Bit), (8 bytes).
    Removing vl53l0x.o(.text.writeReg32Bit), (36 bytes).
    Removing vl53l0x.o(.ARM.exidx.text.writeReg32Bit), (8 bytes).
    Removing vl53l0x.o(.text.readReg16Bit), (32 bytes).
    Removing vl53l0x.o(.ARM.exidx.text.readReg16Bit), (8 bytes).
    Removing vl53l0x.o(.text.getSignalRateLimit), (44 bytes).
    Removing vl53l0x.o(.ARM.exidx.text.getSignalRateLimit), (8 bytes).
    Removing vl53l0x.o(.text.getSequenceStepEnables), (54 bytes).
    Removing vl53l0x.o(.ARM.exidx.text.getSequenceStepEnables), (8 bytes).
    Removing vl53l0x.o(.ARM.exidx.text.getSequenceStepTimeouts), (8 bytes).
    Removing vl53l0x.o(.ARM.exidx.text.getMeasurementTimingBudget), (8 bytes).
    Removing vl53l0x.o(.text.getVcselPulsePeriod), (60 bytes).
    Removing vl53l0x.o(.ARM.exidx.text.getVcselPulsePeriod), (8 bytes).
    Removing vl53l0x.o(.ARM.exidx.text.startContinuous), (8 bytes).
    Removing vl53l0x.o(.text.stopContinuous), (100 bytes).
    Removing vl53l0x.o(.ARM.exidx.text.stopContinuous), (8 bytes).
    Removing vl53l0x.o(.ARM.exidx.text.readRangeContinuousMillimeters), (8 bytes).
    Removing vl53l0x.o(.text.readRangeSingleMillimeters), (224 bytes).
    Removing vl53l0x.o(.ARM.exidx.text.readRangeSingleMillimeters), (8 bytes).
    Removing vl53l0x.o(.text.timeoutOccurred), (16 bytes).
    Removing vl53l0x.o(.ARM.exidx.text.timeoutOccurred), (8 bytes).
    Removing oled.o(.text), (0 bytes).
    Removing oled.o(.text.OLED_WR_Byte), (26 bytes).
    Removing oled.o(.ARM.exidx.text.OLED_WR_Byte), (8 bytes).
    Removing oled.o(.ARM.exidx.text.OLED_Refresh), (8 bytes).
    Removing oled.o(.ARM.exidx.text.OLED_Clear), (8 bytes).
    Removing oled.o(.text.OLED_DrawPoint), (48 bytes).
    Removing oled.o(.ARM.exidx.text.OLED_DrawPoint), (8 bytes).
    Removing oled.o(.ARM.exidx.text.OLED_DrawLine), (8 bytes).
    Removing oled.o(.text.OLED_DrawRectangle), (136 bytes).
    Removing oled.o(.ARM.exidx.text.OLED_DrawRectangle), (8 bytes).
    Removing oled.o(.ARM.exidx.text.OLED_ShowChar), (8 bytes).
    Removing oled.o(.ARM.exidx.text.OLED_ShowString), (8 bytes).
    Removing oled.o(.text.OLED_Pow), (68 bytes).
    Removing oled.o(.ARM.exidx.text.OLED_Pow), (8 bytes).
    Removing oled.o(.ARM.exidx.text.OLED_Init), (8 bytes).
    Removing oled.o(.rodata.asc2_1206), (1092 bytes).
    Removing oled.o(.rodata.Hzk1), (0 bytes).
    Removing ec12.o(.text), (0 bytes).
    Removing ec12.o(.ARM.exidx.text.EC12_init), (8 bytes).
    Removing ec12.o(.ARM.exidx.text.GPIOB_IRQHandleCallback), (8 bytes).
    Removing main.o(.text), (0 bytes).
    Removing main.o(.text.RCC_Configuration), (48 bytes).
    Removing main.o(.ARM.exidx.text.RCC_Configuration), (8 bytes).
    Removing main.o(.ARM.exidx.text.On_SysTick_Update), (8 bytes).
    Removing main.o(.ARM.exidx.text.main), (8 bytes).
    Removing main.o(.ARM.use_no_argv), (4 bytes).
    Removing interrupts_cw32f003.o(.text), (0 bytes).
    Removing interrupts_cw32f003.o(.ARM.exidx.text.NMI_Handler), (8 bytes).
    Removing interrupts_cw32f003.o(.ARM.exidx.text.HardFault_Handler), (8 bytes).
    Removing interrupts_cw32f003.o(.ARM.exidx.text.SVC_Handler), (8 bytes).
    Removing interrupts_cw32f003.o(.ARM.exidx.text.PendSV_Handler), (8 bytes).
    Removing interrupts_cw32f003.o(.ARM.exidx.text.WDT_IRQHandler), (8 bytes).
    Removing interrupts_cw32f003.o(.ARM.exidx.text.LVD_IRQHandler), (8 bytes).
    Removing interrupts_cw32f003.o(.ARM.exidx.text.FLASHRAM_IRQHandler), (8 bytes).
    Removing interrupts_cw32f003.o(.ARM.exidx.text.SYSCTRL_IRQHandler), (8 bytes).
    Removing interrupts_cw32f003.o(.ARM.exidx.text.GPIOA_IRQHandler), (8 bytes).
    Removing interrupts_cw32f003.o(.ARM.exidx.text.GPIOB_IRQHandler), (8 bytes).
    Removing interrupts_cw32f003.o(.ARM.exidx.text.GPIOC_IRQHandler), (8 bytes).
    Removing interrupts_cw32f003.o(.ARM.exidx.text.ADC_IRQHandler), (8 bytes).
    Removing interrupts_cw32f003.o(.ARM.exidx.text.ATIM_IRQHandler), (8 bytes).
    Removing interrupts_cw32f003.o(.ARM.exidx.text.VC1_IRQHandler), (8 bytes).
    Removing interrupts_cw32f003.o(.ARM.exidx.text.VC2_IRQHandler), (8 bytes).
    Removing interrupts_cw32f003.o(.ARM.exidx.text.GTIM_IRQHandler), (8 bytes).
    Removing interrupts_cw32f003.o(.ARM.exidx.text.BTIM1_IRQHandler), (8 bytes).
    Removing interrupts_cw32f003.o(.ARM.exidx.text.BTIM2_IRQHandler), (8 bytes).
    Removing interrupts_cw32f003.o(.ARM.exidx.text.BTIM3_IRQHandler), (8 bytes).
    Removing interrupts_cw32f003.o(.ARM.exidx.text.I2C_IRQHandler), (8 bytes).
    Removing interrupts_cw32f003.o(.ARM.exidx.text.SPI_IRQHandler), (8 bytes).
    Removing interrupts_cw32f003.o(.ARM.exidx.text.UART1_IRQHandler), (8 bytes).
    Removing interrupts_cw32f003.o(.ARM.exidx.text.UART2_IRQHandler), (8 bytes).
    Removing interrupts_cw32f003.o(.ARM.exidx.text.AWT_IRQHandler), (8 bytes).
    Removing task.o(.text), (0 bytes).
    Removing task.o(.ARM.exidx.text.Task_switch_handler), (8 bytes).
    Removing task.o(.ARM.exidx.text.Task_exec_handler), (8 bytes).
    Removing task.o(.text.Task_get_task_id), (104 bytes).
    Removing task.o(.ARM.exidx.text.Task_get_task_id), (8 bytes).
    Removing task.o(.text.Task_get_task_state), (24 bytes).
    Removing task.o(.ARM.exidx.text.Task_get_task_state), (8 bytes).
    Removing task.o(.text.Task_suspend), (32 bytes).
    Removing task.o(.ARM.exidx.text.Task_suspend), (8 bytes).
    Removing task.o(.text.Task_resume), (28 bytes).
    Removing task.o(.ARM.exidx.text.Task_resume), (8 bytes).
    Removing task_timer.o(.text), (0 bytes).
    Removing task_timer.o(.text.Btim1_Init), (84 bytes).
    Removing task_timer.o(.ARM.exidx.text.Btim1_Init), (8 bytes).
    Removing task_timer.o(.ARM.exidx.text.Task_timer_init), (8 bytes).
    Removing task_timer.o(.ARM.exidx.text.on_btim1_callback), (8 bytes).
    Removing app_oled_menu.o(.text), (0 bytes).
    Removing app_oled_menu.o(.ARM.exidx.text.EC12_on_changed), (8 bytes).
    Removing app_oled_menu.o(.text.handle_menu_key_down), (128 bytes).
    Removing app_oled_menu.o(.ARM.exidx.text.handle_menu_key_down), (8 bytes).
    Removing app_oled_menu.o(.ARM.exidx.text.Keys_on_key_down), (8 bytes).
    Removing app_oled_menu.o(.ARM.exidx.text.Keys_on_key_up), (8 bytes).
    Removing app_oled_menu.o(.ARM.exidx.text.App_OLED_Menu_init), (8 bytes).
    Removing app_oled_menu.o(.ARM.exidx.text.App_OLED_Menu_keys), (8 bytes).
    Removing app_oled_menu.o(.ARM.exidx.text.handle_node_level), (8 bytes).
    Removing app_oled_menu.o(.ARM.exidx.text.App_OLED_Menu_screen), (8 bytes).
    Removing app_pid_control.o(.text), (0 bytes).
    Removing app_pid_control.o(.ARM.exidx.text.App_PID_Control_init), (8 bytes).
    Removing app_pid_control.o(.ARM.exidx.text.App_PID_Control_task), (8 bytes).
    Removing app_data_transfer.o(.text), (0 bytes).
    Removing app_data_transfer.o(.ARM.exidx.text.App_Data_Transfer_init), (8 bytes).
    Removing app_data_transfer.o(.ARM.exidx.text.App_Data_Transfer_task), (8 bytes).
    Removing app_adc.o(.text), (0 bytes).
    Removing app_adc.o(.ARM.exidx.text.on_btim2_callback), (8 bytes).
    Removing app_adc.o(.text.Btim2_Init), (84 bytes).
    Removing app_adc.o(.ARM.exidx.text.Btim2_Init), (8 bytes).
    Removing app_adc.o(.text.App_ADC_init), (88 bytes).
    Removing app_adc.o(.ARM.exidx.text.App_ADC_init), (8 bytes).
    Removing app_adc.o(.text.App_ADC_task), (24 bytes).
    Removing app_adc.o(.ARM.exidx.text.App_ADC_task), (8 bytes).
    Removing fcmplt.o(.text), (28 bytes).
    Removing dcmpgt.o(.text), (44 bytes).

929 unused section(s) (total 21670 bytes) removed from the image.
